Archive member included to satisfy reference by file (symbol)

C:/ST/STM32CubeIDE_1.18.0/STM32CubeIDE/plugins/com.st.stm32cube.ide.mcu.externaltools.gnu-tools-for-stm32.13.3.rel1.win32_1.0.0.202411081344/tools/bin/../lib/gcc/arm-none-eabi/13.3.1/../../../../arm-none-eabi/lib/thumb/v7e-m+fp/hard\libc_nano.a(libc_a-exit.o)
                              C:/ST/STM32CubeIDE_1.18.0/STM32CubeIDE/plugins/com.st.stm32cube.ide.mcu.externaltools.gnu-tools-for-stm32.13.3.rel1.win32_1.0.0.202411081344/tools/bin/../lib/gcc/arm-none-eabi/13.3.1/../../../../arm-none-eabi/lib/thumb/v7e-m+fp/hard/crt0.o (exit)
C:/ST/STM32CubeIDE_1.18.0/STM32CubeIDE/plugins/com.st.stm32cube.ide.mcu.externaltools.gnu-tools-for-stm32.13.3.rel1.win32_1.0.0.202411081344/tools/bin/../lib/gcc/arm-none-eabi/13.3.1/../../../../arm-none-eabi/lib/thumb/v7e-m+fp/hard\libc_nano.a(libc_a-findfp.o)
                              ./Middlewares/FreeRTOS/tasks.o (__sf)
C:/ST/STM32CubeIDE_1.18.0/STM32CubeIDE/plugins/com.st.stm32cube.ide.mcu.externaltools.gnu-tools-for-stm32.13.3.rel1.win32_1.0.0.202411081344/tools/bin/../lib/gcc/arm-none-eabi/13.3.1/../../../../arm-none-eabi/lib/thumb/v7e-m+fp/hard\libc_nano.a(libc_a-fwalk.o)
                              C:/ST/STM32CubeIDE_1.18.0/STM32CubeIDE/plugins/com.st.stm32cube.ide.mcu.externaltools.gnu-tools-for-stm32.13.3.rel1.win32_1.0.0.202411081344/tools/bin/../lib/gcc/arm-none-eabi/13.3.1/../../../../arm-none-eabi/lib/thumb/v7e-m+fp/hard\libc_nano.a(libc_a-findfp.o) (_fwalk_sglue)
C:/ST/STM32CubeIDE_1.18.0/STM32CubeIDE/plugins/com.st.stm32cube.ide.mcu.externaltools.gnu-tools-for-stm32.13.3.rel1.win32_1.0.0.202411081344/tools/bin/../lib/gcc/arm-none-eabi/13.3.1/../../../../arm-none-eabi/lib/thumb/v7e-m+fp/hard\libc_nano.a(libc_a-stdio.o)
                              C:/ST/STM32CubeIDE_1.18.0/STM32CubeIDE/plugins/com.st.stm32cube.ide.mcu.externaltools.gnu-tools-for-stm32.13.3.rel1.win32_1.0.0.202411081344/tools/bin/../lib/gcc/arm-none-eabi/13.3.1/../../../../arm-none-eabi/lib/thumb/v7e-m+fp/hard\libc_nano.a(libc_a-findfp.o) (__sread)
C:/ST/STM32CubeIDE_1.18.0/STM32CubeIDE/plugins/com.st.stm32cube.ide.mcu.externaltools.gnu-tools-for-stm32.13.3.rel1.win32_1.0.0.202411081344/tools/bin/../lib/gcc/arm-none-eabi/13.3.1/../../../../arm-none-eabi/lib/thumb/v7e-m+fp/hard\libc_nano.a(libc_a-memset.o)
                              C:/ST/STM32CubeIDE_1.18.0/STM32CubeIDE/plugins/com.st.stm32cube.ide.mcu.externaltools.gnu-tools-for-stm32.13.3.rel1.win32_1.0.0.202411081344/tools/bin/../lib/gcc/arm-none-eabi/13.3.1/../../../../arm-none-eabi/lib/thumb/v7e-m+fp/hard/crt0.o (memset)
C:/ST/STM32CubeIDE_1.18.0/STM32CubeIDE/plugins/com.st.stm32cube.ide.mcu.externaltools.gnu-tools-for-stm32.13.3.rel1.win32_1.0.0.202411081344/tools/bin/../lib/gcc/arm-none-eabi/13.3.1/../../../../arm-none-eabi/lib/thumb/v7e-m+fp/hard\libc_nano.a(libc_a-closer.o)
                              C:/ST/STM32CubeIDE_1.18.0/STM32CubeIDE/plugins/com.st.stm32cube.ide.mcu.externaltools.gnu-tools-for-stm32.13.3.rel1.win32_1.0.0.202411081344/tools/bin/../lib/gcc/arm-none-eabi/13.3.1/../../../../arm-none-eabi/lib/thumb/v7e-m+fp/hard\libc_nano.a(libc_a-stdio.o) (_close_r)
C:/ST/STM32CubeIDE_1.18.0/STM32CubeIDE/plugins/com.st.stm32cube.ide.mcu.externaltools.gnu-tools-for-stm32.13.3.rel1.win32_1.0.0.202411081344/tools/bin/../lib/gcc/arm-none-eabi/13.3.1/../../../../arm-none-eabi/lib/thumb/v7e-m+fp/hard\libc_nano.a(libc_a-reent.o)
                              ./Middlewares/FreeRTOS/tasks.o (_reclaim_reent)
C:/ST/STM32CubeIDE_1.18.0/STM32CubeIDE/plugins/com.st.stm32cube.ide.mcu.externaltools.gnu-tools-for-stm32.13.3.rel1.win32_1.0.0.202411081344/tools/bin/../lib/gcc/arm-none-eabi/13.3.1/../../../../arm-none-eabi/lib/thumb/v7e-m+fp/hard\libc_nano.a(libc_a-impure.o)
                              ./Middlewares/FreeRTOS/tasks.o (_impure_ptr)
C:/ST/STM32CubeIDE_1.18.0/STM32CubeIDE/plugins/com.st.stm32cube.ide.mcu.externaltools.gnu-tools-for-stm32.13.3.rel1.win32_1.0.0.202411081344/tools/bin/../lib/gcc/arm-none-eabi/13.3.1/../../../../arm-none-eabi/lib/thumb/v7e-m+fp/hard\libc_nano.a(libc_a-lseekr.o)
                              C:/ST/STM32CubeIDE_1.18.0/STM32CubeIDE/plugins/com.st.stm32cube.ide.mcu.externaltools.gnu-tools-for-stm32.13.3.rel1.win32_1.0.0.202411081344/tools/bin/../lib/gcc/arm-none-eabi/13.3.1/../../../../arm-none-eabi/lib/thumb/v7e-m+fp/hard\libc_nano.a(libc_a-stdio.o) (_lseek_r)
C:/ST/STM32CubeIDE_1.18.0/STM32CubeIDE/plugins/com.st.stm32cube.ide.mcu.externaltools.gnu-tools-for-stm32.13.3.rel1.win32_1.0.0.202411081344/tools/bin/../lib/gcc/arm-none-eabi/13.3.1/../../../../arm-none-eabi/lib/thumb/v7e-m+fp/hard\libc_nano.a(libc_a-readr.o)
                              C:/ST/STM32CubeIDE_1.18.0/STM32CubeIDE/plugins/com.st.stm32cube.ide.mcu.externaltools.gnu-tools-for-stm32.13.3.rel1.win32_1.0.0.202411081344/tools/bin/../lib/gcc/arm-none-eabi/13.3.1/../../../../arm-none-eabi/lib/thumb/v7e-m+fp/hard\libc_nano.a(libc_a-stdio.o) (_read_r)
[...]
Memory Configuration

Name             Origin             Length             Attributes
RAM              0x20000000         0x00018000         xrw
RAM2             0x10000000         0x00008000         xrw
FLASH            0x08000000         0x00100000         xr
*default*        0x00000000         0xffffffff

Linker script and memory map

LOAD C:/ST/STM32CubeIDE_1.18.0/STM32CubeIDE/plugins/com.st.stm32cube.ide.mcu.externaltools.gnu-tools-for-stm32.13.3.rel1.win32_1.0.0.202411081344/tools/bin/../lib/gcc/arm-none-eabi/13.3.1/thumb/v7e-m+fp/hard/crti.o
LOAD C:/ST/STM32CubeIDE_1.18.0/STM32CubeIDE/plugins/com.st.stm32cube.ide.mcu.externaltools.gnu-tools-for-stm32.13.3.rel1.win32_1.0.0.202411081344/tools/bin/../lib/gcc/arm-none-eabi/13.3.1/thumb/v7e-m+fp/hard/crtbegin.o
LOAD C:/ST/STM32CubeIDE_1.18.0/STM32CubeIDE/plugins/com.st.stm32cube.ide.mcu.externaltools.gnu-tools-for-stm32.13.3.rel1.win32_1.0.0.202411081344/tools/bin/../lib/gcc/arm-none-eabi/13.3.1/../../../../arm-none-eabi/lib/thumb/v7e-m+fp/hard/crt0.o
LOAD ./Core/Src/freertos.o
LOAD ./Core/Src/main.o
LOAD ./Core/Src/stm32l4xx_hal_msp.o
LOAD ./Core/Src/stm32l4xx_hal_timebase_tim.o
LOAD ./Core/Src/stm32l4xx_it.o
LOAD ./Core/Src/syscalls.o
LOAD ./Core/Src/sysmem.o
LOAD ./Core/Src/system_stm32l4xx.o
LOAD ./Core/Startup/startup_stm32l475vgtx.o
LOAD ./Drivers/STM32L4xx_HAL_Driver/stm32l4xx_hal.o
LOAD ./Drivers/STM32L4xx_HAL_Driver/stm32l4xx_hal_cortex.o
LOAD ./Drivers/STM32L4xx_HAL_Driver/stm32l4xx_hal_dfsdm.o
LOAD ./Drivers/STM32L4xx_HAL_Driver/stm32l4xx_hal_dma.o
LOAD ./Drivers/STM32L4xx_HAL_Driver/stm32l4xx_hal_dma_ex.o
LOAD ./Drivers/STM32L4xx_HAL_Driver/stm32l4xx_hal_exti.o
LOAD ./Drivers/STM32L4xx_HAL_Driver/stm32l4xx_hal_flash.o
LOAD ./Drivers/STM32L4xx_HAL_Driver/stm32l4xx_hal_flash_ex.o
LOAD ./Drivers/STM32L4xx_HAL_Driver/stm32l4xx_hal_flash_ramfunc.o
LOAD ./Drivers/STM32L4xx_HAL_Driver/stm32l4xx_hal_gpio.o
LOAD ./Drivers/STM32L4xx_HAL_Driver/stm32l4xx_hal_i2c.o
LOAD ./Drivers/STM32L4xx_HAL_Driver/stm32l4xx_hal_i2c_ex.o
LOAD ./Drivers/STM32L4xx_HAL_Driver/stm32l4xx_hal_pcd.o
LOAD ./Drivers/STM32L4xx_HAL_Driver/stm32l4xx_hal_pcd_ex.o
LOAD ./Drivers/STM32L4xx_HAL_Driver/stm32l4xx_hal_pwr.o
LOAD ./Drivers/STM32L4xx_HAL_Driver/stm32l4xx_hal_pwr_ex.o
LOAD ./Drivers/STM32L4xx_HAL_Driver/stm32l4xx_hal_qspi.o
LOAD ./Drivers/STM32L4xx_HAL_Driver/stm32l4xx_hal_rcc.o
LOAD ./Drivers/STM32L4xx_HAL_Driver/stm32l4xx_hal_rcc_ex.o
LOAD ./Drivers/STM32L4xx_HAL_Driver/stm32l4xx_hal_spi.o
LOAD ./Drivers/STM32L4xx_HAL_Driver/stm32l4xx_hal_spi_ex.o
LOAD ./Drivers/STM32L4xx_HAL_Driver/stm32l4xx_hal_tim.o
LOAD ./Drivers/STM32L4xx_HAL_Driver/stm32l4xx_hal_tim_ex.o
LOAD ./Drivers/STM32L4xx_HAL_Driver/stm32l4xx_hal_uart.o
LOAD ./Drivers/STM32L4xx_HAL_Driver/stm32l4xx_hal_uart_ex.o
LOAD ./Drivers/STM32L4xx_HAL_Driver/stm32l4xx_ll_usb.o
LOAD ./Middlewares/FreeRTOS/cmsis_os2.o
LOAD ./Middlewares/FreeRTOS/croutine.o
LOAD ./Middlewares/FreeRTOS/event_groups.o
LOAD ./Middlewares/FreeRTOS/heap_4.o
LOAD ./Middlewares/FreeRTOS/list.o
LOAD ./Middlewares/FreeRTOS/port.o
LOAD ./Middlewares/FreeRTOS/queue.o
LOAD ./Middlewares/FreeRTOS/stream_buffer.o
LOAD ./Middlewares/FreeRTOS/tasks.o
LOAD ./Middlewares/FreeRTOS/timers.o
START GROUP
LOAD C:/ST/STM32CubeIDE_1.18.0/STM32CubeIDE/plugins/com.st.stm32cube.ide.mcu.externaltools.gnu-tools-for-stm32.13.3.rel1.win32_1.0.0.202411081344/tools/bin/../lib/gcc/arm-none-eabi/13.3.1/../../../../arm-none-eabi/lib/thumb/v7e-m+fp/hard\libc_nano.a
LOAD C:/ST/STM32CubeIDE_1.18.0/STM32CubeIDE/plugins/com.st.stm32cube.ide.mcu.externaltools.gnu-tools-for-stm32.13.3.rel1.win32_1.0.0.202411081344/tools/bin/../lib/gcc/arm-none-eabi/13.3.1/../../../../arm-none-eabi/lib/thumb/v7e-m+fp/hard\libm.a
END GROUP
START GROUP
LOAD C:/ST/STM32CubeIDE_1.18.0/STM32CubeIDE/plugins/com.st.stm32cube.ide.mcu.externaltools.gnu-tools-for-stm32.13.3.rel1.win32_1.0.0.202411081344/tools/bin/../lib/gcc/arm-none-eabi/13.3.1/thumb/v7e-m+fp/hard\libgcc.a
LOAD C:/ST/STM32CubeIDE_1.18.0/STM32CubeIDE/plugins/com.st.stm32cube.ide.mcu.externaltools.gnu-tools-for-stm32.13.3.rel1.win32_1.0.0.202411081344/tools/bin/../lib/gcc/arm-none-eabi/13.3.1/../../../../arm-none-eabi/lib/thumb/v7e-m+fp/hard\libc_nano.a
END GROUP
START GROUP
LOAD C:/ST/STM32CubeIDE_1.18.0/STM32CubeIDE/plugins/com.st.stm32cube.ide.mcu.externaltools.gnu-tools-for-stm32.13.3.rel1.win32_1.0.0.202411081344/tools/bin/../lib/gcc/arm-none-eabi/13.3.1/thumb/v7e-m+fp/hard\libgcc.a
LOAD C:/ST/STM32CubeIDE_1.18.0/STM32CubeIDE/plugins/com.st.stm32cube.ide.mcu.externaltools.gnu-tools-for-stm32.13.3.rel1.win32_1.0.0.202411081344/tools/bin/../lib/gcc/arm-none-eabi/13.3.1/../../../../arm-none-eabi/lib/thumb/v7e-m+fp/hard\libc_nano.a
LOAD C:/ST/STM32CubeIDE_1.18.0/STM32CubeIDE/plugins/com.st.stm32cube.ide.mcu.externaltools.gnu-tools-for-stm32.13.3.rel1.win32_1.0.0.202411081344/tools/bin/../lib/gcc/arm-none-eabi/13.3.1/../../../../arm-none-eabi/lib/thumb/v7e-m+fp/hard\libnosys.a
END GROUP
START GROUP
LOAD C:/ST/STM32CubeIDE_1.18.0/STM32CubeIDE/plugins/com.st.stm32cube.ide.mcu.externaltools.gnu-tools-for-stm32.13.3.rel1.win32_1.0.0.202411081344/tools/bin/../lib/gcc/arm-none-eabi/13.3.1/thumb/v7e-m+fp/hard\libgcc.a
LOAD C:/ST/STM32CubeIDE_1.18.0/STM32CubeIDE/plugins/com.st.stm32cube.ide.mcu.externaltools.gnu-tools-for-stm32.13.3.rel1.win32_1.0.0.202411081344/tools/bin/../lib/gcc/arm-none-eabi/13.3.1/../../../../arm-none-eabi/lib/thumb/v7e-m+fp/hard\libc_nano.a
LOAD C:/ST/STM32CubeIDE_1.18.0/STM32CubeIDE/plugins/com.st.stm32cube.ide.mcu.externaltools.gnu-tools-for-stm32.13.3.rel1.win32_1.0.0.202411081344/tools/bin/../lib/gcc/arm-none-eabi/13.3.1/../../../../arm-none-eabi/lib/thumb/v7e-m+fp/hard\libnosys.a
END GROUP
LOAD C:/ST/STM32CubeIDE_1.18.0/STM32CubeIDE/plugins/com.st.stm32cube.ide.mcu.externaltools.gnu-tools-for-stm32.13.3.rel1.win32_1.0.0.202411081344/tools/bin/../lib/gcc/arm-none-eabi/13.3.1/thumb/v7e-m+fp/hard/crtend.o
LOAD C:/ST/STM32CubeIDE_1.18.0/STM32CubeIDE/plugins/com.st.stm32cube.ide.mcu.externaltools.gnu-tools-for-stm32.13.3.rel1.win32_1.0.0.202411081344/tools/bin/../lib/gcc/arm-none-eabi/13.3.1/thumb/v7e-m+fp/hard/crtn.o
                0x20018000                        _estack = (ORIGIN (RAM) + LENGTH (RAM))
                0x00000200                        _Min_Heap_Size = 0x200
                0x00000400                        _Min_Stack_Size = 0x400

.isr_vector     0x08000000      0x188
                0x08000000                        . = ALIGN (0x4)
 *(.isr_vector)
 .isr_vector    0x08000000      0x188 ./Core/Startup/startup_stm32l475vgtx.o
                0x08000000                g_pfnVectors
                0x08000188                        . = ALIGN (0x4)

.text           0x08000190     0x8958
                0x08000190                        . = ALIGN (0x4)
 *(.text)
 .text          0x08000190       0x40 C:/ST/STM32CubeIDE_1.18.0/STM32CubeIDE/plugins/com.st.stm32cube.ide.mcu.externaltools.gnu-tools-for-stm32.13.3.rel1.win32_1.0.0.202411081344/tools/bin/../lib/gcc/arm-none-eabi/13.3.1/thumb/v7e-m+fp/hard/crtbegin.o
 .text          0x080001d0       0x30 C:/ST/STM32CubeIDE_1.18.0/STM32CubeIDE/plugins/com.st.stm32cube.ide.mcu.externaltools.gnu-tools-for-stm32.13.3.rel1.win32_1.0.0.202411081344/tools/bin/../lib/gcc/arm-none-eabi/13.3.1/thumb/v7e-m+fp/hard\libgcc.a(_aeabi_uldivmod.o)
                0x080001d0                __aeabi_uldivmod
 .text          0x08000200      0x2f8 C:/ST/STM32CubeIDE_1.18.0/STM32CubeIDE/plugins/com.st.stm32cube.ide.mcu.externaltools.gnu-tools-for-stm32.13.3.rel1.win32_1.0.0.202411081344/tools/bin/../lib/gcc/arm-none-eabi/13.3.1/thumb/v7e-m+fp/hard\libgcc.a(_udivmoddi4.o)
                0x08000200                __udivmoddi4
 .text          0x080004f8        0x4 C:/ST/STM32CubeIDE_1.18.0/STM32CubeIDE/plugins/com.st.stm32cube.ide.mcu.externaltools.gnu-tools-for-stm32.13.3.rel1.win32_1.0.0.202411081344/tools/bin/../lib/gcc/arm-none-eabi/13.3.1/thumb/v7e-m+fp/hard\libgcc.a(_dvmd_tls.o)
                0x080004f8                __aeabi_idiv0
                0x080004f8                __aeabi_ldiv0
 *(.text*)
 .text.main     0x080004fc       0xec ./Core/Src/main.o
                0x080004fc                main
 .text.SystemClock_Config
                0x080005e8       0xc4 ./Core/Src/main.o
                0x080005e8                SystemClock_Config
 .text.MX_DFSDM1_Init
                0x080006ac       0x70 ./Core/Src/main.o
 .text.MX_I2C2_Init
                0x0800071c       0x7c ./Core/Src/main.o
 .text.MX_QUADSPI_Init
                0x08000798       0x4c ./Core/Src/main.o
 .text.MX_SPI3_Init
                0x080007e4       0x7c ./Core/Src/main.o
 .text.MX_USART1_UART_Init
                0x08000860       0x60 ./Core/Src/main.o
 .text.MX_USART3_UART_Init
                0x080008c0       0x60 ./Core/Src/main.o
 .text.MX_USB_OTG_FS_PCD_Init
                0x08000920       0x5c ./Core/Src/main.o
 .text.MX_GPIO_Init
                0x0800097c      0x364 ./Core/Src/main.o
 .text.HAL_GPIO_EXTI_Callback
                0x08000ce0       0x28 ./Core/Src/main.o
                0x08000ce0                HAL_GPIO_EXTI_Callback
 .text.StartDefaultTask
                0x08000d08       0x10 ./Core/Src/main.o
                0x08000d08                StartDefaultTask
 .text.startFastBlk
                0x08000d18       0x20 ./Core/Src/main.o
                0x08000d18                startFastBlk
 .text.startFastMT
                0x08000d38       0x68 ./Core/Src/main.o
                0x08000d38                startFastMT
 .text.startSlowBlk
                0x08000da0       0x24 ./Core/Src/main.o
                0x08000da0                startSlowBlk
 .text.startSlowMT
                0x08000dc4       0x70 ./Core/Src/main.o
                0x08000dc4                startSlowMT
 .text.HAL_TIM_PeriodElapsedCallback
                0x08000e34       0x24 ./Core/Src/main.o
                0x08000e34                HAL_TIM_PeriodElapsedCallback
 .text.Error_Handler
                0x08000e58        0xc ./Core/Src/main.o
                0x08000e58                Error_Handler
 .text.HAL_MspInit
                0x08000e64       0x50 ./Core/Src/stm32l4xx_hal_msp.o
                0x08000e64                HAL_MspInit
 .text.HAL_DFSDM_ChannelMspInit
                0x08000eb4       0xc8 ./Core/Src/stm32l4xx_hal_msp.o
                0x08000eb4                HAL_DFSDM_ChannelMspInit
 .text.HAL_I2C_MspInit
                0x08000f7c       0xbc ./Core/Src/stm32l4xx_hal_msp.o
                0x08000f7c                HAL_I2C_MspInit
 .text.HAL_QSPI_MspInit
                0x08001038       0x88 ./Core/Src/stm32l4xx_hal_msp.o
                0x08001038                HAL_QSPI_MspInit
 .text.HAL_SPI_MspInit
                0x080010c0       0x88 ./Core/Src/stm32l4xx_hal_msp.o
                0x080010c0                HAL_SPI_MspInit
 .text.HAL_UART_MspInit
                0x08001148      0x148 ./Core/Src/stm32l4xx_hal_msp.o
                0x08001148                HAL_UART_MspInit
 .text.HAL_PCD_MspInit
                0x08001290      0x138 ./Core/Src/stm32l4xx_hal_msp.o
                0x08001290                HAL_PCD_MspInit
 .text.HAL_InitTick
                0x080013c8       0xf4 ./Core/Src/stm32l4xx_hal_timebase_tim.o
                0x080013c8                HAL_InitTick
 .text.NMI_Handler
                0x080014bc        0x8 ./Core/Src/stm32l4xx_it.o
                0x080014bc                NMI_Handler
 .text.HardFault_Handler
                0x080014c4        0x8 ./Core/Src/stm32l4xx_it.o
                0x080014c4                HardFault_Handler
 .text.MemManage_Handler
                0x080014cc        0x8 ./Core/Src/stm32l4xx_it.o
                0x080014cc                MemManage_Handler
 .text.BusFault_Handler
                0x080014d4        0x8 ./Core/Src/stm32l4xx_it.o
                0x080014d4                BusFault_Handler
 .text.UsageFault_Handler
                0x080014dc        0x8 ./Core/Src/stm32l4xx_it.o
                0x080014dc                UsageFault_Handler
 .text.DebugMon_Handler
                0x080014e4        0xe ./Core/Src/stm32l4xx_it.o
                0x080014e4                DebugMon_Handler
 .text.EXTI9_5_IRQHandler
                0x080014f2       0x22 ./Core/Src/stm32l4xx_it.o
                0x080014f2                EXTI9_5_IRQHandler
 .text.EXTI15_10_IRQHandler
                0x08001514       0x30 ./Core/Src/stm32l4xx_it.o
                0x08001514                EXTI15_10_IRQHandler
 .text.TIM6_DAC_IRQHandler
                0x08001544       0x14 ./Core/Src/stm32l4xx_it.o
                0x08001544                TIM6_DAC_IRQHandler
 .text.SystemInit
                0x08001558       0x24 ./Core/Src/system_stm32l4xx.o
                0x08001558                SystemInit
 .text.Reset_Handler
                0x0800157c       0x50 ./Core/Startup/startup_stm32l475vgtx.o
                0x0800157c                Reset_Handler
 .text.Default_Handler
                0x080015cc        0x2 ./Core/Startup/startup_stm32l475vgtx.o
                0x080015cc                RTC_Alarm_IRQHandler
                0x080015cc                EXTI2_IRQHandler
                0x080015cc                TIM8_TRG_COM_IRQHandler
                0x080015cc                TIM8_CC_IRQHandler
                0x080015cc                TIM1_CC_IRQHandler
                0x080015cc                TSC_IRQHandler
                0x080015cc                TAMP_STAMP_IRQHandler
                0x080015cc                EXTI3_IRQHandler
                0x080015cc                LPTIM2_IRQHandler
                0x080015cc                DFSDM1_FLT1_IRQHandler
                0x080015cc                I2C3_ER_IRQHandler
                0x080015cc                DFSDM1_FLT2_IRQHandler
                0x080015cc                EXTI0_IRQHandler
                0x080015cc                I2C2_EV_IRQHandler
                0x080015cc                CAN1_RX0_IRQHandler
                0x080015cc                FPU_IRQHandler
                0x080015cc                TIM1_UP_TIM16_IRQHandler
                0x080015cc                ADC1_2_IRQHandler
                0x080015cc                SPI1_IRQHandler
                0x080015cc                TIM8_UP_IRQHandler
                0x080015cc                DMA2_Channel2_IRQHandler
                0x080015cc                DMA1_Channel4_IRQHandler
                0x080015cc                SAI2_IRQHandler
                0x080015cc                DFSDM1_FLT3_IRQHandler
                0x080015cc                USART3_IRQHandler
                0x080015cc                DMA1_Channel7_IRQHandler
                0x080015cc                CAN1_RX1_IRQHandler
                0x080015cc                UART5_IRQHandler
                0x080015cc                ADC3_IRQHandler
                0x080015cc                TIM4_IRQHandler
                0x080015cc                DMA2_Channel1_IRQHandler
                0x080015cc                QUADSPI_IRQHandler
                0x080015cc                I2C1_EV_IRQHandler
                0x080015cc                DMA1_Channel6_IRQHandler
                0x080015cc                UART4_IRQHandler
                0x080015cc                DMA2_Channel4_IRQHandler
                0x080015cc                TIM3_IRQHandler
                0x080015cc                RCC_IRQHandler
                0x080015cc                DMA1_Channel1_IRQHandler
                0x080015cc                Default_Handler
                0x080015cc                DMA2_Channel7_IRQHandler
                0x080015cc                TIM7_IRQHandler
                0x080015cc                SDMMC1_IRQHandler
                0x080015cc                TIM5_IRQHandler
                0x080015cc                I2C3_EV_IRQHandler
                0x080015cc                RTC_WKUP_IRQHandler
                0x080015cc                PVD_PVM_IRQHandler
                0x080015cc                SPI2_IRQHandler
                0x080015cc                CAN1_TX_IRQHandler
                0x080015cc                DMA2_Channel5_IRQHandler
                0x080015cc                DMA1_Channel5_IRQHandler
                0x080015cc                EXTI4_IRQHandler
                0x080015cc                RNG_IRQHandler
                0x080015cc                TIM1_TRG_COM_TIM17_IRQHandler
                0x080015cc                DMA1_Channel3_IRQHandler
                0x080015cc                COMP_IRQHandler
                0x080015cc                WWDG_IRQHandler
                0x080015cc                LPUART1_IRQHandler
                0x080015cc                DMA2_Channel6_IRQHandler
                0x080015cc                TIM2_IRQHandler
                0x080015cc                EXTI1_IRQHandler
                0x080015cc                USART2_IRQHandler
                0x080015cc                DFSDM1_FLT0_IRQHandler
                0x080015cc                I2C2_ER_IRQHandler
                0x080015cc                DMA1_Channel2_IRQHandler
                0x080015cc                TIM8_BRK_IRQHandler
                0x080015cc                CAN1_SCE_IRQHandler
                0x080015cc                FLASH_IRQHandler
                0x080015cc                USART1_IRQHandler
                0x080015cc                OTG_FS_IRQHandler
                0x080015cc                SPI3_IRQHandler
                0x080015cc                I2C1_ER_IRQHandler
                0x080015cc                FMC_IRQHandler
                0x080015cc                SWPMI1_IRQHandler
                0x080015cc                LPTIM1_IRQHandler
                0x080015cc                SAI1_IRQHandler
                0x080015cc                DMA2_Channel3_IRQHandler
                0x080015cc                TIM1_BRK_TIM15_IRQHandler
 .text.HAL_Init
                0x080015ce       0x30 ./Drivers/STM32L4xx_HAL_Driver/stm32l4xx_hal.o
                0x080015ce                HAL_Init
 *fill*         0x080015fe        0x2 
 .text.HAL_IncTick
                0x08001600       0x28 ./Drivers/STM32L4xx_HAL_Driver/stm32l4xx_hal.o
                0x08001600                HAL_IncTick
 .text.HAL_GetTick
                0x08001628       0x18 ./Drivers/STM32L4xx_HAL_Driver/stm32l4xx_hal.o
                0x08001628                HAL_GetTick
 .text.HAL_Delay
                0x08001640       0x48 ./Drivers/STM32L4xx_HAL_Driver/stm32l4xx_hal.o
                0x08001640                HAL_Delay
 .text.__NVIC_SetPriorityGrouping
                0x08001688       0x48 ./Drivers/STM32L4xx_HAL_Driver/stm32l4xx_hal_cortex.o
 .text.__NVIC_GetPriorityGrouping
                0x080016d0       0x1c ./Drivers/STM32L4xx_HAL_Driver/stm32l4xx_hal_cortex.o
 .text.__NVIC_EnableIRQ
                0x080016ec       0x3c ./Drivers/STM32L4xx_HAL_Driver/stm32l4xx_hal_cortex.o
 .text.__NVIC_SetPriority
                0x08001728       0x54 ./Drivers/STM32L4xx_HAL_Driver/stm32l4xx_hal_cortex.o
 .text.NVIC_EncodePriority
                0x0800177c       0x66 ./Drivers/STM32L4xx_HAL_Driver/stm32l4xx_hal_cortex.o
 .text.HAL_NVIC_SetPriorityGrouping
                0x080017e2       0x16 ./Drivers/STM32L4xx_HAL_Driver/stm32l4xx_hal_cortex.o
                0x080017e2                HAL_NVIC_SetPriorityGrouping
 .text.HAL_NVIC_SetPriority
                0x080017f8       0x38 ./Drivers/STM32L4xx_HAL_Driver/stm32l4xx_hal_cortex.o
                0x080017f8                HAL_NVIC_SetPriority
 .text.HAL_NVIC_EnableIRQ
                0x08001830       0x1c ./Drivers/STM32L4xx_HAL_Driver/stm32l4xx_hal_cortex.o
                0x08001830                HAL_NVIC_EnableIRQ
 .text.HAL_DFSDM_ChannelInit
                0x0800184c      0x180 ./Drivers/STM32L4xx_HAL_Driver/stm32l4xx_hal_dfsdm.o
                0x0800184c                HAL_DFSDM_ChannelInit
 .text.DFSDM_GetChannelFromInstance
                0x080019cc       0x98 ./Drivers/STM32L4xx_HAL_Driver/stm32l4xx_hal_dfsdm.o
 .text.HAL_GPIO_Init
                0x08001a64      0x354 ./Drivers/STM32L4xx_HAL_Driver/stm32l4xx_hal_gpio.o
                0x08001a64                HAL_GPIO_Init
 .text.HAL_GPIO_WritePin
                0x08001db8       0x30 ./Drivers/STM32L4xx_HAL_Driver/stm32l4xx_hal_gpio.o
                0x08001db8                HAL_GPIO_WritePin
 .text.HAL_GPIO_TogglePin
                0x08001de8       0x34 ./Drivers/STM32L4xx_HAL_Driver/stm32l4xx_hal_gpio.o
                0x08001de8                HAL_GPIO_TogglePin
 .text.HAL_GPIO_EXTI_IRQHandler
                0x08001e1c       0x30 ./Drivers/STM32L4xx_HAL_Driver/stm32l4xx_hal_gpio.o
                0x08001e1c                HAL_GPIO_EXTI_IRQHandler
 .text.HAL_I2C_Init
                0x08001e4c      0x136 ./Drivers/STM32L4xx_HAL_Driver/stm32l4xx_hal_i2c.o
                0x08001e4c                HAL_I2C_Init
 .text.HAL_I2CEx_ConfigAnalogFilter
                0x08001f82       0x96 ./Drivers/STM32L4xx_HAL_Driver/stm32l4xx_hal_i2c_ex.o
                0x08001f82                HAL_I2CEx_ConfigAnalogFilter
 .text.HAL_I2CEx_ConfigDigitalFilter
                0x08002018       0x98 ./Drivers/STM32L4xx_HAL_Driver/stm32l4xx_hal_i2c_ex.o
                0x08002018                HAL_I2CEx_ConfigDigitalFilter
 .text.HAL_PCD_Init
                0x080020b0      0x21e ./Drivers/STM32L4xx_HAL_Driver/stm32l4xx_hal_pcd.o
                0x080020b0                HAL_PCD_Init
 .text.HAL_PCDEx_ActivateLPM
                0x080022ce       0x48 ./Drivers/STM32L4xx_HAL_Driver/stm32l4xx_hal_pcd_ex.o
                0x080022ce                HAL_PCDEx_ActivateLPM
 *fill*         0x08002316        0x2 
 .text.HAL_PWR_EnableBkUpAccess
                0x08002318       0x20 ./Drivers/STM32L4xx_HAL_Driver/stm32l4xx_hal_pwr.o
                0x08002318                HAL_PWR_EnableBkUpAccess
 .text.HAL_PWREx_GetVoltageRange
                0x08002338       0x1c ./Drivers/STM32L4xx_HAL_Driver/stm32l4xx_hal_pwr_ex.o
                0x08002338                HAL_PWREx_GetVoltageRange
 .text.HAL_PWREx_ControlVoltageScaling
                0x08002354       0xac ./Drivers/STM32L4xx_HAL_Driver/stm32l4xx_hal_pwr_ex.o
                0x08002354                HAL_PWREx_ControlVoltageScaling
 .text.HAL_PWREx_EnableVddUSB
                0x08002400       0x20 ./Drivers/STM32L4xx_HAL_Driver/stm32l4xx_hal_pwr_ex.o
                0x08002400                HAL_PWREx_EnableVddUSB
 .text.HAL_QSPI_Init
                0x08002420       0xec ./Drivers/STM32L4xx_HAL_Driver/stm32l4xx_hal_qspi.o
                0x08002420                HAL_QSPI_Init
 .text.HAL_QSPI_SetTimeout
                0x0800250c       0x1c ./Drivers/STM32L4xx_HAL_Driver/stm32l4xx_hal_qspi.o
                0x0800250c                HAL_QSPI_SetTimeout
 .text.QSPI_WaitFlagStateUntilTimeout
                0x08002528       0x6e ./Drivers/STM32L4xx_HAL_Driver/stm32l4xx_hal_qspi.o
 *fill*         0x08002596        0x2 
 .text.HAL_RCC_OscConfig
                0x08002598      0x7b8 ./Drivers/STM32L4xx_HAL_Driver/stm32l4xx_hal_rcc.o
                0x08002598                HAL_RCC_OscConfig
 .text.HAL_RCC_ClockConfig
                0x08002d50      0x200 ./Drivers/STM32L4xx_HAL_Driver/stm32l4xx_hal_rcc.o
                0x08002d50                HAL_RCC_ClockConfig
 .text.HAL_RCC_GetSysClockFreq
                0x08002f50      0x118 ./Drivers/STM32L4xx_HAL_Driver/stm32l4xx_hal_rcc.o
                0x08002f50                HAL_RCC_GetSysClockFreq
 .text.HAL_RCC_GetHCLKFreq
                0x08003068       0x18 ./Drivers/STM32L4xx_HAL_Driver/stm32l4xx_hal_rcc.o
                0x08003068                HAL_RCC_GetHCLKFreq
 .text.HAL_RCC_GetPCLK1Freq
                0x08003080       0x2c ./Drivers/STM32L4xx_HAL_Driver/stm32l4xx_hal_rcc.o
                0x08003080                HAL_RCC_GetPCLK1Freq
 .text.HAL_RCC_GetPCLK2Freq
                0x080030ac       0x2c ./Drivers/STM32L4xx_HAL_Driver/stm32l4xx_hal_rcc.o
                0x080030ac                HAL_RCC_GetPCLK2Freq
 .text.HAL_RCC_GetClockConfig
                0x080030d8       0x64 ./Drivers/STM32L4xx_HAL_Driver/stm32l4xx_hal_rcc.o
                0x080030d8                HAL_RCC_GetClockConfig
 .text.RCC_SetFlashLatencyFromMSIRange
                0x0800313c       0xc0 ./Drivers/STM32L4xx_HAL_Driver/stm32l4xx_hal_rcc.o
 .text.HAL_RCCEx_PeriphCLKConfig
                0x080031fc      0x5d4 ./Drivers/STM32L4xx_HAL_Driver/stm32l4xx_hal_rcc_ex.o
                0x080031fc                HAL_RCCEx_PeriphCLKConfig
 .text.HAL_RCCEx_EnableMSIPLLMode
                0x080037d0       0x20 ./Drivers/STM32L4xx_HAL_Driver/stm32l4xx_hal_rcc_ex.o
                0x080037d0                HAL_RCCEx_EnableMSIPLLMode
 .text.RCCEx_PLLSAI1_Config
                0x080037f0      0x1e8 ./Drivers/STM32L4xx_HAL_Driver/stm32l4xx_hal_rcc_ex.o
 .text.RCCEx_PLLSAI2_Config
                0x080039d8      0x1bc ./Drivers/STM32L4xx_HAL_Driver/stm32l4xx_hal_rcc_ex.o
 .text.HAL_SPI_Init
                0x08003b94      0x146 ./Drivers/STM32L4xx_HAL_Driver/stm32l4xx_hal_spi.o
                0x08003b94                HAL_SPI_Init
 .text.HAL_TIM_Base_Init
                0x08003cda       0xae ./Drivers/STM32L4xx_HAL_Driver/stm32l4xx_hal_tim.o
                0x08003cda                HAL_TIM_Base_Init
 .text.HAL_TIM_Base_MspInit
                0x08003d88       0x14 ./Drivers/STM32L4xx_HAL_Driver/stm32l4xx_hal_tim.o
                0x08003d88                HAL_TIM_Base_MspInit
 .text.HAL_TIM_Base_Start_IT
                0x08003d9c       0xe0 ./Drivers/STM32L4xx_HAL_Driver/stm32l4xx_hal_tim.o
                0x08003d9c                HAL_TIM_Base_Start_IT
 .text.HAL_TIM_IRQHandler
                0x08003e7c      0x20e ./Drivers/STM32L4xx_HAL_Driver/stm32l4xx_hal_tim.o
                0x08003e7c                HAL_TIM_IRQHandler
 .text.HAL_TIM_OC_DelayElapsedCallback
                0x0800408a       0x14 ./Drivers/STM32L4xx_HAL_Driver/stm32l4xx_hal_tim.o
                0x0800408a                HAL_TIM_OC_DelayElapsedCallback
 .text.HAL_TIM_IC_CaptureCallback
                0x0800409e       0x14 ./Drivers/STM32L4xx_HAL_Driver/stm32l4xx_hal_tim.o
                0x0800409e                HAL_TIM_IC_CaptureCallback
 .text.HAL_TIM_PWM_PulseFinishedCallback
                0x080040b2       0x14 ./Drivers/STM32L4xx_HAL_Driver/stm32l4xx_hal_tim.o
                0x080040b2                HAL_TIM_PWM_PulseFinishedCallback
 .text.HAL_TIM_TriggerCallback
                0x080040c6       0x14 ./Drivers/STM32L4xx_HAL_Driver/stm32l4xx_hal_tim.o
                0x080040c6                HAL_TIM_TriggerCallback
 *fill*         0x080040da        0x2 
 .text.TIM_Base_SetConfig
                0x080040dc      0x14c ./Drivers/STM32L4xx_HAL_Driver/stm32l4xx_hal_tim.o
                0x080040dc                TIM_Base_SetConfig
 .text.HAL_TIMEx_CommutCallback
                0x08004228       0x14 ./Drivers/STM32L4xx_HAL_Driver/stm32l4xx_hal_tim_ex.o
                0x08004228                HAL_TIMEx_CommutCallback
 .text.HAL_TIMEx_BreakCallback
                0x0800423c       0x14 ./Drivers/STM32L4xx_HAL_Driver/stm32l4xx_hal_tim_ex.o
                0x0800423c                HAL_TIMEx_BreakCallback
 .text.HAL_TIMEx_Break2Callback
                0x08004250       0x14 ./Drivers/STM32L4xx_HAL_Driver/stm32l4xx_hal_tim_ex.o
                0x08004250                HAL_TIMEx_Break2Callback
 .text.HAL_UART_Init
                0x08004264       0x9c ./Drivers/STM32L4xx_HAL_Driver/stm32l4xx_hal_uart.o
                0x08004264                HAL_UART_Init
 .text.UART_SetConfig
                0x08004300      0x570 ./Drivers/STM32L4xx_HAL_Driver/stm32l4xx_hal_uart.o
                0x08004300                UART_SetConfig
 .text.UART_AdvFeatureConfig
                0x08004870      0x144 ./Drivers/STM32L4xx_HAL_Driver/stm32l4xx_hal_uart.o
                0x08004870                UART_AdvFeatureConfig
 .text.UART_CheckIdleState
                0x080049b4      0x150 ./Drivers/STM32L4xx_HAL_Driver/stm32l4xx_hal_uart.o
                0x080049b4                UART_CheckIdleState
 .text.UART_WaitOnFlagUntilTimeout
                0x08004b04       0xda ./Drivers/STM32L4xx_HAL_Driver/stm32l4xx_hal_uart.o
                0x08004b04                UART_WaitOnFlagUntilTimeout
 .text.UART_EndRxTransfer
                0x08004bde       0xc8 ./Drivers/STM32L4xx_HAL_Driver/stm32l4xx_hal_uart.o
 .text.USB_CoreInit
                0x08004ca6       0x5a ./Drivers/STM32L4xx_HAL_Driver/stm32l4xx_ll_usb.o
                0x08004ca6                USB_CoreInit
 .text.USB_DisableGlobalInt
                0x08004d00       0x22 ./Drivers/STM32L4xx_HAL_Driver/stm32l4xx_ll_usb.o
                0x08004d00                USB_DisableGlobalInt
 .text.USB_SetCurrentMode
                0x08004d22       0x98 ./Drivers/STM32L4xx_HAL_Driver/stm32l4xx_ll_usb.o
                0x08004d22                USB_SetCurrentMode
 *fill*         0x08004dba        0x2 
 .text.USB_DevInit
                0x08004dbc      0x290 ./Drivers/STM32L4xx_HAL_Driver/stm32l4xx_ll_usb.o
                0x08004dbc                USB_DevInit
 .text.USB_FlushTxFifo
                0x0800504c       0x64 ./Drivers/STM32L4xx_HAL_Driver/stm32l4xx_ll_usb.o
                0x0800504c                USB_FlushTxFifo
 .text.USB_FlushRxFifo
                0x080050b0       0x5c ./Drivers/STM32L4xx_HAL_Driver/stm32l4xx_ll_usb.o
                0x080050b0                USB_FlushRxFifo
 .text.USB_SetDevSpeed
                0x0800510c       0x32 ./Drivers/STM32L4xx_HAL_Driver/stm32l4xx_ll_usb.o
                0x0800510c                USB_SetDevSpeed
 .text.USB_DevDisconnect
                0x0800513e       0x42 ./Drivers/STM32L4xx_HAL_Driver/stm32l4xx_ll_usb.o
                0x0800513e                USB_DevDisconnect
 .text.USB_GetMode
                0x08005180       0x1c ./Drivers/STM32L4xx_HAL_Driver/stm32l4xx_ll_usb.o
                0x08005180                USB_GetMode
 .text.USB_CoreReset
                0x0800519c       0x62 ./Drivers/STM32L4xx_HAL_Driver/stm32l4xx_ll_usb.o
 *fill*         0x080051fe        0x2 
 .text.__NVIC_SetPriority
                0x08005200       0x54 ./Middlewares/FreeRTOS/cmsis_os2.o
 .text.SysTick_Handler
                0x08005254       0x20 ./Middlewares/FreeRTOS/cmsis_os2.o
                0x08005254                SysTick_Handler
 .text.SVC_Setup
                0x08005274       0x12 ./Middlewares/FreeRTOS/cmsis_os2.o
 *fill*         0x08005286        0x2 
 .text.osKernelInitialize
                0x08005288       0x48 ./Middlewares/FreeRTOS/cmsis_os2.o
                0x08005288                osKernelInitialize
 .text.osKernelStart
                0x080052d0       0x4c ./Middlewares/FreeRTOS/cmsis_os2.o
                0x080052d0                osKernelStart
 .text.osThreadNew
                0x0800531c      0x124 ./Middlewares/FreeRTOS/cmsis_os2.o
                0x0800531c                osThreadNew
 .text.osThreadSuspend
                0x08005440       0x42 ./Middlewares/FreeRTOS/cmsis_os2.o
                0x08005440                osThreadSuspend
 .text.osThreadResume
                0x08005482       0x42 ./Middlewares/FreeRTOS/cmsis_os2.o
                0x08005482                osThreadResume
 .text.osDelay  0x080054c4       0x36 ./Middlewares/FreeRTOS/cmsis_os2.o
                0x080054c4                osDelay
 .text.osMutexNew
                0x080054fa      0x10c ./Middlewares/FreeRTOS/cmsis_os2.o
                0x080054fa                osMutexNew
 .text.osMutexAcquire
                0x08005606       0x96 ./Middlewares/FreeRTOS/cmsis_os2.o
                0x08005606                osMutexAcquire
 .text.osMutexRelease
                0x0800569c       0x7a ./Middlewares/FreeRTOS/cmsis_os2.o
                0x0800569c                osMutexRelease
 *fill*         0x08005716        0x2 
 .text.vApplicationGetIdleTaskMemory
                0x08005718       0x34 ./Middlewares/FreeRTOS/cmsis_os2.o
                0x08005718                vApplicationGetIdleTaskMemory
 .text.vApplicationGetTimerTaskMemory
                0x0800574c       0x34 ./Middlewares/FreeRTOS/cmsis_os2.o
                0x0800574c                vApplicationGetTimerTaskMemory
 .text.pvPortMalloc
                0x08005780      0x19c ./Middlewares/FreeRTOS/heap_4.o
                0x08005780                pvPortMalloc
 .text.vPortFree
                0x0800591c       0xc8 ./Middlewares/FreeRTOS/heap_4.o
                0x0800591c                vPortFree
 .text.prvHeapInit
                0x080059e4       0xc4 ./Middlewares/FreeRTOS/heap_4.o
 .text.prvInsertBlockIntoFreeList
                0x08005aa8       0xb4 ./Middlewares/FreeRTOS/heap_4.o
 .text.vListInitialise
                0x08005b5c       0x40 ./Middlewares/FreeRTOS/list.o
                0x08005b5c                vListInitialise
 .text.vListInitialiseItem
                0x08005b9c       0x1a ./Middlewares/FreeRTOS/list.o
                0x08005b9c                vListInitialiseItem
 .text.vListInsertEnd
                0x08005bb6       0x48 ./Middlewares/FreeRTOS/list.o
                0x08005bb6                vListInsertEnd
 .text.vListInsert
                0x08005bfe       0x72 ./Middlewares/FreeRTOS/list.o
                0x08005bfe                vListInsert
 .text.uxListRemove
                0x08005c70       0x54 ./Middlewares/FreeRTOS/list.o
                0x08005c70                uxListRemove
 .text.pxPortInitialiseStack
                0x08005cc4       0x68 ./Middlewares/FreeRTOS/port.o
                0x08005cc4                pxPortInitialiseStack
 .text.prvTaskExitError
                0x08005d2c       0x5c ./Middlewares/FreeRTOS/port.o
 *fill*         0x08005d88        0x8 
 .text.SVC_Handler
                0x08005d90       0x28 ./Middlewares/FreeRTOS/port.o
                0x08005d90                SVC_Handler
 .text.prvPortStartFirstTask
                0x08005db8       0x28 ./Middlewares/FreeRTOS/port.o
 .text.xPortStartScheduler
                0x08005de0      0x148 ./Middlewares/FreeRTOS/port.o
                0x08005de0                xPortStartScheduler
 .text.vPortEnterCritical
                0x08005f28       0x64 ./Middlewares/FreeRTOS/port.o
                0x08005f28                vPortEnterCritical
 .text.vPortExitCritical
                0x08005f8c       0x54 ./Middlewares/FreeRTOS/port.o
                0x08005f8c                vPortExitCritical
 .text.PendSV_Handler
                0x08005fe0       0x68 ./Middlewares/FreeRTOS/port.o
                0x08005fe0                PendSV_Handler
 .text.xPortSysTickHandler
                0x08006048       0x44 ./Middlewares/FreeRTOS/port.o
                0x08006048                xPortSysTickHandler
 .text.vPortSetupTimerInterrupt
                0x0800608c       0x48 ./Middlewares/FreeRTOS/port.o
                0x0800608c                vPortSetupTimerInterrupt
 .text.vPortEnableVFP
                0x080060d4       0x14 ./Middlewares/FreeRTOS/port.o
 .text.vPortValidateInterruptPriority
                0x080060e8       0x84 ./Middlewares/FreeRTOS/port.o
                0x080060e8                vPortValidateInterruptPriority
 .text.xQueueGenericReset
                0x0800616c       0xd4 ./Middlewares/FreeRTOS/queue.o
                0x0800616c                xQueueGenericReset
 .text.xQueueGenericCreateStatic
                0x08006240       0xfa ./Middlewares/FreeRTOS/queue.o
                0x08006240                xQueueGenericCreateStatic
 .text.xQueueGenericCreate
                0x0800633a       0x76 ./Middlewares/FreeRTOS/queue.o
                0x0800633a                xQueueGenericCreate
 .text.prvInitialiseNewQueue
                0x080063b0       0x46 ./Middlewares/FreeRTOS/queue.o
 .text.prvInitialiseMutex
                0x080063f6       0x34 ./Middlewares/FreeRTOS/queue.o
 .text.xQueueCreateMutex
                0x0800642a       0x30 ./Middlewares/FreeRTOS/queue.o
                0x0800642a                xQueueCreateMutex
 .text.xQueueCreateMutexStatic
                0x0800645a       0x36 ./Middlewares/FreeRTOS/queue.o
                0x0800645a                xQueueCreateMutexStatic
 .text.xQueueGiveMutexRecursive
                0x08006490       0x6a ./Middlewares/FreeRTOS/queue.o
                0x08006490                xQueueGiveMutexRecursive
 .text.xQueueTakeMutexRecursive
                0x080064fa       0x6e ./Middlewares/FreeRTOS/queue.o
                0x080064fa                xQueueTakeMutexRecursive
 .text.xQueueGenericSend
                0x08006568      0x204 ./Middlewares/FreeRTOS/queue.o
                0x08006568                xQueueGenericSend
 .text.xQueueGenericSendFromISR
                0x0800676c      0x13c ./Middlewares/FreeRTOS/queue.o
                0x0800676c                xQueueGenericSendFromISR
 .text.xQueueReceive
                0x080068a8      0x1c4 ./Middlewares/FreeRTOS/queue.o
                0x080068a8                xQueueReceive
 .text.xQueueSemaphoreTake
                0x08006a6c      0x220 ./Middlewares/FreeRTOS/queue.o
                0x08006a6c                xQueueSemaphoreTake
 .text.prvGetDisinheritPriorityAfterTimeout
                0x08006c8c       0x30 ./Middlewares/FreeRTOS/queue.o
 .text.prvCopyDataToQueue
                0x08006cbc       0xd4 ./Middlewares/FreeRTOS/queue.o
 .text.prvCopyDataFromQueue
                0x08006d90       0x4c ./Middlewares/FreeRTOS/queue.o
 .text.prvUnlockQueue
                0x08006ddc       0xa4 ./Middlewares/FreeRTOS/queue.o
 .text.prvIsQueueEmpty
                0x08006e80       0x2c ./Middlewares/FreeRTOS/queue.o
 .text.prvIsQueueFull
                0x08006eac       0x30 ./Middlewares/FreeRTOS/queue.o
 .text.vQueueAddToRegistry
                0x08006edc       0x54 ./Middlewares/FreeRTOS/queue.o
                0x08006edc                vQueueAddToRegistry
 .text.vQueueWaitForMessageRestricted
                0x08006f30       0x68 ./Middlewares/FreeRTOS/queue.o
                0x08006f30                vQueueWaitForMessageRestricted
 .text.xTaskCreateStatic
                0x08006f98       0xc0 ./Middlewares/FreeRTOS/tasks.o
                0x08006f98                xTaskCreateStatic
 .text.xTaskCreate
                0x08007058       0x8a ./Middlewares/FreeRTOS/tasks.o
                0x08007058                xTaskCreate
 *fill*         0x080070e2        0x2 
 .text.prvInitialiseNewTask
                0x080070e4      0x150 ./Middlewares/FreeRTOS/tasks.o
 .text.prvAddNewTaskToReadyList
                0x08007234       0xe0 ./Middlewares/FreeRTOS/tasks.o
 .text.vTaskDelay
                0x08007314       0x6c ./Middlewares/FreeRTOS/tasks.o
                0x08007314                vTaskDelay
 .text.vTaskSuspend
                0x08007380       0xec ./Middlewares/FreeRTOS/tasks.o
                0x08007380                vTaskSuspend
 .text.prvTaskIsTaskSuspended
                0x0800746c       0x64 ./Middlewares/FreeRTOS/tasks.o
 .text.vTaskResume
                0x080074d0       0xc0 ./Middlewares/FreeRTOS/tasks.o
                0x080074d0                vTaskResume
 .text.vTaskStartScheduler
                0x08007590       0xe0 ./Middlewares/FreeRTOS/tasks.o
                0x08007590                vTaskStartScheduler
 .text.vTaskSuspendAll
                0x08007670       0x1c ./Middlewares/FreeRTOS/tasks.o
                0x08007670                vTaskSuspendAll
 .text.xTaskResumeAll
                0x0800768c      0x13c ./Middlewares/FreeRTOS/tasks.o
                0x0800768c                xTaskResumeAll
 .text.xTaskGetTickCount
                0x080077c8       0x20 ./Middlewares/FreeRTOS/tasks.o
                0x080077c8                xTaskGetTickCount
 .text.xTaskIncrementTick
                0x080077e8      0x174 ./Middlewares/FreeRTOS/tasks.o
                0x080077e8                xTaskIncrementTick
 .text.vTaskSwitchContext
                0x0800795c       0xcc ./Middlewares/FreeRTOS/tasks.o
                0x0800795c                vTaskSwitchContext
 .text.vTaskPlaceOnEventList
                0x08007a28       0x4c ./Middlewares/FreeRTOS/tasks.o
                0x08007a28                vTaskPlaceOnEventList
 .text.vTaskPlaceOnEventListRestricted
                0x08007a74       0x58 ./Middlewares/FreeRTOS/tasks.o
                0x08007a74                vTaskPlaceOnEventListRestricted
 .text.xTaskRemoveFromEventList
                0x08007acc       0xc8 ./Middlewares/FreeRTOS/tasks.o
                0x08007acc                xTaskRemoveFromEventList
 .text.vTaskInternalSetTimeOutState
                0x08007b94       0x2c ./Middlewares/FreeRTOS/tasks.o
                0x08007b94                vTaskInternalSetTimeOutState
 .text.xTaskCheckForTimeOut
                0x08007bc0       0xc8 ./Middlewares/FreeRTOS/tasks.o
                0x08007bc0                xTaskCheckForTimeOut
 .text.vTaskMissedYield
                0x08007c88       0x18 ./Middlewares/FreeRTOS/tasks.o
                0x08007c88                vTaskMissedYield
 .text.prvIdleTask
                0x08007ca0       0x30 ./Middlewares/FreeRTOS/tasks.o
 .text.prvInitialiseTaskLists
                0x08007cd0       0x80 ./Middlewares/FreeRTOS/tasks.o
 .text.prvCheckTasksWaitingTermination
                0x08007d50       0x5c ./Middlewares/FreeRTOS/tasks.o
 .text.prvDeleteTCB
                0x08007dac       0x6a ./Middlewares/FreeRTOS/tasks.o
 *fill*         0x08007e16        0x2 
 .text.prvResetNextTaskUnblockTime
                0x08007e18       0x40 ./Middlewares/FreeRTOS/tasks.o
 .text.xTaskGetCurrentTaskHandle
                0x08007e58       0x20 ./Middlewares/FreeRTOS/tasks.o
                0x08007e58                xTaskGetCurrentTaskHandle
 .text.xTaskGetSchedulerState
                0x08007e78       0x3c ./Middlewares/FreeRTOS/tasks.o
                0x08007e78                xTaskGetSchedulerState
 .text.xTaskPriorityInherit
                0x08007eb4       0xd0 ./Middlewares/FreeRTOS/tasks.o
                0x08007eb4                xTaskPriorityInherit
 .text.xTaskPriorityDisinherit
                0x08007f84       0xe0 ./Middlewares/FreeRTOS/tasks.o
                0x08007f84                xTaskPriorityDisinherit
 .text.vTaskPriorityDisinheritAfterTimeout
                0x08008064      0x108 ./Middlewares/FreeRTOS/tasks.o
                0x08008064                vTaskPriorityDisinheritAfterTimeout
 .text.pvTaskIncrementMutexHeldCount
                0x0800816c       0x28 ./Middlewares/FreeRTOS/tasks.o
                0x0800816c                pvTaskIncrementMutexHeldCount
 .text.prvAddCurrentTaskToDelayedList
                0x08008194       0xa8 ./Middlewares/FreeRTOS/tasks.o
 .text.xTimerCreateTimerTask
                0x0800823c       0x94 ./Middlewares/FreeRTOS/timers.o
                0x0800823c                xTimerCreateTimerTask
 .text.xTimerGenericCommand
                0x080082d0       0x9c ./Middlewares/FreeRTOS/timers.o
                0x080082d0                xTimerGenericCommand
 .text.prvProcessExpiredTimer
                0x0800836c       0x9c ./Middlewares/FreeRTOS/timers.o
 .text.prvTimerTask
                0x08008408       0x26 ./Middlewares/FreeRTOS/timers.o
 *fill*         0x0800842e        0x2 
 .text.prvProcessTimerOrBlockTask
                0x08008430       0x9c ./Middlewares/FreeRTOS/timers.o
 .text.prvGetNextExpireTime
                0x080084cc       0x48 ./Middlewares/FreeRTOS/timers.o
 .text.prvSampleTimeNow
                0x08008514       0x40 ./Middlewares/FreeRTOS/timers.o
 .text.prvInsertTimerInActiveList
                0x08008554       0x84 ./Middlewares/FreeRTOS/timers.o
 .text.prvProcessReceivedCommands
                0x080085d8      0x1cc ./Middlewares/FreeRTOS/timers.o
 .text.prvSwitchTimerLists
                0x080087a4       0xcc ./Middlewares/FreeRTOS/timers.o
 .text.prvCheckForValidListAndQueue
                0x08008870       0x80 ./Middlewares/FreeRTOS/timers.o
 .text.memset   0x080088f0       0x10 C:/ST/STM32CubeIDE_1.18.0/STM32CubeIDE/plugins/com.st.stm32cube.ide.mcu.externaltools.gnu-tools-for-stm32.13.3.rel1.win32_1.0.0.202411081344/tools/bin/../lib/gcc/arm-none-eabi/13.3.1/../../../../arm-none-eabi/lib/thumb/v7e-m+fp/hard\libc_nano.a(libc_a-memset.o)
                0x080088f0                memset
 .text._reclaim_reent
                0x08008900       0xbc C:/ST/STM32CubeIDE_1.18.0/STM32CubeIDE/plugins/com.st.stm32cube.ide.mcu.externaltools.gnu-tools-for-stm32.13.3.rel1.win32_1.0.0.202411081344/tools/bin/../lib/gcc/arm-none-eabi/13.3.1/../../../../arm-none-eabi/lib/thumb/v7e-m+fp/hard\libc_nano.a(libc_a-reent.o)
                0x08008900                _reclaim_reent
 .text.__libc_init_array
                0x080089bc       0x48 C:/ST/STM32CubeIDE_1.18.0/STM32CubeIDE/plugins/com.st.stm32cube.ide.mcu.externaltools.gnu-tools-for-stm32.13.3.rel1.win32_1.0.0.202411081344/tools/bin/../lib/gcc/arm-none-eabi/13.3.1/../../../../arm-none-eabi/lib/thumb/v7e-m+fp/hard\libc_nano.a(libc_a-init.o)
                0x080089bc                __libc_init_array
 .text.__retarget_lock_acquire_recursive
                0x08008a04        0x2 C:/ST/STM32CubeIDE_1.18.0/STM32CubeIDE/plugins/com.st.stm32cube.ide.mcu.externaltools.gnu-tools-for-stm32.13.3.rel1.win32_1.0.0.202411081344/tools/bin/../lib/gcc/arm-none-eabi/13.3.1/../../../../arm-none-eabi/lib/thumb/v7e-m+fp/hard\libc_nano.a(libc_a-lock.o)
                0x08008a04                __retarget_lock_acquire_recursive
 .text.__retarget_lock_release_recursive
                0x08008a06        0x2 C:/ST/STM32CubeIDE_1.18.0/STM32CubeIDE/plugins/com.st.stm32cube.ide.mcu.externaltools.gnu-tools-for-stm32.13.3.rel1.win32_1.0.0.202411081344/tools/bin/../lib/gcc/arm-none-eabi/13.3.1/../../../../arm-none-eabi/lib/thumb/v7e-m+fp/hard\libc_nano.a(libc_a-lock.o)
                0x08008a06                __retarget_lock_release_recursive
 .text.memcpy   0x08008a08       0x1c C:/ST/STM32CubeIDE_1.18.0/STM32CubeIDE/plugins/com.st.stm32cube.ide.mcu.externaltools.gnu-tools-for-stm32.13.3.rel1.win32_1.0.0.202411081344/tools/bin/../lib/gcc/arm-none-eabi/13.3.1/../../../../arm-none-eabi/lib/thumb/v7e-m+fp/hard\libc_nano.a(libc_a-memcpy-stub.o)
                0x08008a08                memcpy
 .text._free_r  0x08008a24       0x94 C:/ST/STM32CubeIDE_1.18.0/STM32CubeIDE/plugins/com.st.stm32cube.ide.mcu.externaltools.gnu-tools-for-stm32.13.3.rel1.win32_1.0.0.202411081344/tools/bin/../lib/gcc/arm-none-eabi/13.3.1/../../../../arm-none-eabi/lib/thumb/v7e-m+fp/hard\libc_nano.a(libc_a-freer.o)
                0x08008a24                _free_r
 .text.__malloc_lock
                0x08008ab8        0xc C:/ST/STM32CubeIDE_1.18.0/STM32CubeIDE/plugins/com.st.stm32cube.ide.mcu.externaltools.gnu-tools-for-stm32.13.3.rel1.win32_1.0.0.202411081344/tools/bin/../lib/gcc/arm-none-eabi/13.3.1/../../../../arm-none-eabi/lib/thumb/v7e-m+fp/hard\libc_nano.a(libc_a-mlock.o)
                0x08008ab8                __malloc_lock
 .text.__malloc_unlock
                0x08008ac4        0xc C:/ST/STM32CubeIDE_1.18.0/STM32CubeIDE/plugins/com.st.stm32cube.ide.mcu.externaltools.gnu-tools-for-stm32.13.3.rel1.win32_1.0.0.202411081344/tools/bin/../lib/gcc/arm-none-eabi/13.3.1/../../../../arm-none-eabi/lib/thumb/v7e-m+fp/hard\libc_nano.a(libc_a-mlock.o)
                0x08008ac4                __malloc_unlock
 *(.glue_7)
 .glue_7        0x08008ad0        0x0 linker stubs
 *(.glue_7t)
 .glue_7t       0x08008ad0        0x0 linker stubs
 *(.eh_frame)
 .eh_frame      0x08008ad0        0x0 C:/ST/STM32CubeIDE_1.18.0/STM32CubeIDE/plugins/com.st.stm32cube.ide.mcu.externaltools.gnu-tools-for-stm32.13.3.rel1.win32_1.0.0.202411081344/tools/bin/../lib/gcc/arm-none-eabi/13.3.1/thumb/v7e-m+fp/hard/crtbegin.o
 *(.init)
 .init          0x08008ad0        0x4 C:/ST/STM32CubeIDE_1.18.0/STM32CubeIDE/plugins/com.st.stm32cube.ide.mcu.externaltools.gnu-tools-for-stm32.13.3.rel1.win32_1.0.0.202411081344/tools/bin/../lib/gcc/arm-none-eabi/13.3.1/thumb/v7e-m+fp/hard/crti.o
                0x08008ad0                _init
 .init          0x08008ad4        0x8 C:/ST/STM32CubeIDE_1.18.0/STM32CubeIDE/plugins/com.st.stm32cube.ide.mcu.externaltools.gnu-tools-for-stm32.13.3.rel1.win32_1.0.0.202411081344/tools/bin/../lib/gcc/arm-none-eabi/13.3.1/thumb/v7e-m+fp/hard/crtn.o
 *(.fini)
 .fini          0x08008adc        0x4 C:/ST/STM32CubeIDE_1.18.0/STM32CubeIDE/plugins/com.st.stm32cube.ide.mcu.externaltools.gnu-tools-for-stm32.13.3.rel1.win32_1.0.0.202411081344/tools/bin/../lib/gcc/arm-none-eabi/13.3.1/thumb/v7e-m+fp/hard/crti.o
                0x08008adc                _fini
 .fini          0x08008ae0        0x8 C:/ST/STM32CubeIDE_1.18.0/STM32CubeIDE/plugins/com.st.stm32cube.ide.mcu.externaltools.gnu-tools-for-stm32.13.3.rel1.win32_1.0.0.202411081344/tools/bin/../lib/gcc/arm-none-eabi/13.3.1/thumb/v7e-m+fp/hard/crtn.o
                0x08008ae8                        . = ALIGN (0x4)
                0x08008ae8                        _etext = .

.vfp11_veneer   0x08008ae8        0x0
 .vfp11_veneer  0x08008ae8        0x0 linker stubs

.v4_bx          0x08008ae8        0x0
 .v4_bx         0x08008ae8        0x0 linker stubs

.iplt           0x08008ae8        0x0
 .iplt          0x08008ae8        0x0 C:/ST/STM32CubeIDE_1.18.0/STM32CubeIDE/plugins/com.st.stm32cube.ide.mcu.externaltools.gnu-tools-for-stm32.13.3.rel1.win32_1.0.0.202411081344/tools/bin/../lib/gcc/arm-none-eabi/13.3.1/thumb/v7e-m+fp/hard/crtbegin.o

.rodata         0x08008ae8      0x15c
                0x08008ae8                        . = ALIGN (0x4)
 *(.rodata)
 .rodata        0x08008ae8       0x37 ./Core/Src/main.o
 *fill*         0x08008b1f        0x1 
 .rodata        0x08008b20        0x5 ./Middlewares/FreeRTOS/tasks.o
 *fill*         0x08008b25        0x3 
 .rodata        0x08008b28        0xd ./Middlewares/FreeRTOS/timers.o
 *(.rodata*)
 *fill*         0x08008b35        0x3 
 .rodata.defaultTask_attributes
                0x08008b38       0x24 ./Core/Src/main.o
                0x08008b38                defaultTask_attributes
 .rodata.fastBlk_attributes
                0x08008b5c       0x24 ./Core/Src/main.o
                0x08008b5c                fastBlk_attributes
 .rodata.fastMT_attributes
                0x08008b80       0x24 ./Core/Src/main.o
                0x08008b80                fastMT_attributes
 .rodata.slowBlk_attributes
                0x08008ba4       0x24 ./Core/Src/main.o
                0x08008ba4                slowBlk_attributes
 .rodata.slowMT_attributes
                0x08008bc8       0x24 ./Core/Src/main.o
                0x08008bc8                slowMT_attributes
 .rodata.LED2_Mutex_attributes
                0x08008bec       0x10 ./Core/Src/main.o
                0x08008bec                LED2_Mutex_attributes
 .rodata.AHBPrescTable
                0x08008bfc       0x10 ./Core/Src/system_stm32l4xx.o
                0x08008bfc                AHBPrescTable
 .rodata.APBPrescTable
                0x08008c0c        0x8 ./Core/Src/system_stm32l4xx.o
                0x08008c0c                APBPrescTable
 .rodata.MSIRangeTable
                0x08008c14       0x30 ./Core/Src/system_stm32l4xx.o
                0x08008c14                MSIRangeTable
                0x08008c44                        . = ALIGN (0x4)

.ARM.extab      0x08008c44        0x0
                0x08008c44                        . = ALIGN (0x4)
 *(.ARM.extab* .gnu.linkonce.armextab.*)
                0x08008c44                        . = ALIGN (0x4)

.ARM            0x08008c44        0x8
                0x08008c44                        . = ALIGN (0x4)
                0x08008c44                        __exidx_start = .
 *(.ARM.exidx*)
 .ARM.exidx     0x08008c44        0x8 C:/ST/STM32CubeIDE_1.18.0/STM32CubeIDE/plugins/com.st.stm32cube.ide.mcu.externaltools.gnu-tools-for-stm32.13.3.rel1.win32_1.0.0.202411081344/tools/bin/../lib/gcc/arm-none-eabi/13.3.1/thumb/v7e-m+fp/hard\libgcc.a(_udivmoddi4.o)
                0x08008c4c                        __exidx_end = .
                0x08008c4c                        . = ALIGN (0x4)

.preinit_array  0x08008c4c        0x0
                0x08008c4c                        . = ALIGN (0x4)
                0x08008c4c                        PROVIDE (__preinit_array_start = .)
 *(.preinit_array*)
                0x08008c4c                        PROVIDE (__preinit_array_end = .)
                0x08008c4c                        . = ALIGN (0x4)

.init_array     0x08008c4c        0x4
                0x08008c4c                        . = ALIGN (0x4)
                0x08008c4c                        PROVIDE (__init_array_start = .)
 *(SORT_BY_NAME(.init_array.*))
 *(.init_array*)
 .init_array    0x08008c4c        0x4 C:/ST/STM32CubeIDE_1.18.0/STM32CubeIDE/plugins/com.st.stm32cube.ide.mcu.externaltools.gnu-tools-for-stm32.13.3.rel1.win32_1.0.0.202411081344/tools/bin/../lib/gcc/arm-none-eabi/13.3.1/thumb/v7e-m+fp/hard/crtbegin.o
                0x08008c50                        PROVIDE (__init_array_end = .)
                0x08008c50                        . = ALIGN (0x4)

.fini_array     0x08008c50        0x4
                0x08008c50                        . = ALIGN (0x4)
                [!provide]                        PROVIDE (__fini_array_start = .)
 *(SORT_BY_NAME(.fini_array.*))
 *(.fini_array*)
 .fini_array    0x08008c50        0x4 C:/ST/STM32CubeIDE_1.18.0/STM32CubeIDE/plugins/com.st.stm32cube.ide.mcu.externaltools.gnu-tools-for-stm32.13.3.rel1.win32_1.0.0.202411081344/tools/bin/../lib/gcc/arm-none-eabi/13.3.1/thumb/v7e-m+fp/hard/crtbegin.o
                [!provide]                        PROVIDE (__fini_array_end = .)
                0x08008c54                        . = ALIGN (0x4)
                0x08008c54                        _sidata = LOADADDR (.data)

.rel.dyn        0x08008c54        0x0
 .rel.iplt      0x08008c54        0x0 C:/ST/STM32CubeIDE_1.18.0/STM32CubeIDE/plugins/com.st.stm32cube.ide.mcu.externaltools.gnu-tools-for-stm32.13.3.rel1.win32_1.0.0.202411081344/tools/bin/../lib/gcc/arm-none-eabi/13.3.1/thumb/v7e-m+fp/hard/crtbegin.o

.data           0x20000000       0x68 load address 0x08008c54
                0x20000000                        . = ALIGN (0x4)
                0x20000000                        _sdata = .
 *(.data)
 *(.data*)
 .data.fast_status
                0x20000000        0x4 ./Core/Src/main.o
                0x20000000                fast_status
 .data.slow_status
                0x20000004        0x4 ./Core/Src/main.o
                0x20000004                slow_status
 .data.SystemCoreClock
                0x20000008        0x4 ./Core/Src/system_stm32l4xx.o
                0x20000008                SystemCoreClock
 .data.uwTickPrio
                0x2000000c        0x4 ./Drivers/STM32L4xx_HAL_Driver/stm32l4xx_hal.o
                0x2000000c                uwTickPrio
 .data.uwTickFreq
                0x20000010        0x1 ./Drivers/STM32L4xx_HAL_Driver/stm32l4xx_hal.o
                0x20000010                uwTickFreq
 *fill*         0x20000011        0x3 
 .data.uxCriticalNesting
                0x20000014        0x4 ./Middlewares/FreeRTOS/port.o
 .data._impure_ptr
                0x20000018        0x4 C:/ST/STM32CubeIDE_1.18.0/STM32CubeIDE/plugins/com.st.stm32cube.ide.mcu.externaltools.gnu-tools-for-stm32.13.3.rel1.win32_1.0.0.202411081344/tools/bin/../lib/gcc/arm-none-eabi/13.3.1/../../../../arm-none-eabi/lib/thumb/v7e-m+fp/hard\libc_nano.a(libc_a-impure.o)
                0x20000018                _impure_ptr
 .data._impure_data
                0x2000001c       0x4c C:/ST/STM32CubeIDE_1.18.0/STM32CubeIDE/plugins/com.st.stm32cube.ide.mcu.externaltools.gnu-tools-for-stm32.13.3.rel1.win32_1.0.0.202411081344/tools/bin/../lib/gcc/arm-none-eabi/13.3.1/../../../../arm-none-eabi/lib/thumb/v7e-m+fp/hard\libc_nano.a(libc_a-impure.o)
                0x2000001c                _impure_data
 *(.RamFunc)
 *(.RamFunc*)
                0x20000068                        . = ALIGN (0x4)
                0x20000068                        _edata = .

.igot.plt       0x20000068        0x0 load address 0x08008cbc
 .igot.plt      0x20000068        0x0 C:/ST/STM32CubeIDE_1.18.0/STM32CubeIDE/plugins/com.st.stm32cube.ide.mcu.externaltools.gnu-tools-for-stm32.13.3.rel1.win32_1.0.0.202411081344/tools/bin/../lib/gcc/arm-none-eabi/13.3.1/thumb/v7e-m+fp/hard/crtbegin.o
                0x20000068                        . = ALIGN (0x4)

.bss            0x20000068     0x2da8 load address 0x08008cbc
                0x20000068                        _sbss = .
                0x20000068                        __bss_start__ = _sbss
 *(.bss)
 .bss           0x20000068       0x1c C:/ST/STM32CubeIDE_1.18.0/STM32CubeIDE/plugins/com.st.stm32cube.ide.mcu.externaltools.gnu-tools-for-stm32.13.3.rel1.win32_1.0.0.202411081344/tools/bin/../lib/gcc/arm-none-eabi/13.3.1/thumb/v7e-m+fp/hard/crtbegin.o
 *(.bss*)
 .bss.hdfsdm1_channel1
                0x20000084       0x38 ./Core/Src/main.o
                0x20000084                hdfsdm1_channel1
 .bss.hi2c2     0x200000bc       0x54 ./Core/Src/main.o
                0x200000bc                hi2c2
 .bss.hqspi     0x20000110       0x44 ./Core/Src/main.o
                0x20000110                hqspi
 .bss.hspi3     0x20000154       0x64 ./Core/Src/main.o
                0x20000154                hspi3
 .bss.huart1    0x200001b8       0x88 ./Core/Src/main.o
                0x200001b8                huart1
 .bss.huart3    0x20000240       0x88 ./Core/Src/main.o
                0x20000240                huart3
 .bss.hpcd_USB_OTG_FS
                0x200002c8      0x4e4 ./Core/Src/main.o
                0x200002c8                hpcd_USB_OTG_FS
 .bss.defaultTaskHandle
                0x200007ac        0x4 ./Core/Src/main.o
                0x200007ac                defaultTaskHandle
 .bss.fastBlkHandle
                0x200007b0        0x4 ./Core/Src/main.o
                0x200007b0                fastBlkHandle
 .bss.fastBlkBuffer
                0x200007b4      0x200 ./Core/Src/main.o
                0x200007b4                fastBlkBuffer
 .bss.fastBlkControlBlock
                0x200009b4       0xa8 ./Core/Src/main.o
                0x200009b4                fastBlkControlBlock
 .bss.fastMTHandle
                0x20000a5c        0x4 ./Core/Src/main.o
                0x20000a5c                fastMTHandle
 .bss.fastMTBuffer
                0x20000a60      0x200 ./Core/Src/main.o
                0x20000a60                fastMTBuffer
 .bss.fastMTControlBlock
                0x20000c60       0xa8 ./Core/Src/main.o
                0x20000c60                fastMTControlBlock
 .bss.slowBlkHandle
                0x20000d08        0x4 ./Core/Src/main.o
                0x20000d08                slowBlkHandle
 .bss.slowBlkBuffer
                0x20000d0c      0x200 ./Core/Src/main.o
                0x20000d0c                slowBlkBuffer
 .bss.slowBlkControlBlock
                0x20000f0c       0xa8 ./Core/Src/main.o
                0x20000f0c                slowBlkControlBlock
 .bss.slowMTHandle
                0x20000fb4        0x4 ./Core/Src/main.o
                0x20000fb4                slowMTHandle
 .bss.slowMTBuffer
                0x20000fb8      0x200 ./Core/Src/main.o
                0x20000fb8                slowMTBuffer
 .bss.slowMTControlBlock
                0x200011b8       0xa8 ./Core/Src/main.o
                0x200011b8                slowMTControlBlock
 .bss.LED2_MutexHandle
                0x20001260        0x4 ./Core/Src/main.o
                0x20001260                LED2_MutexHandle
 .bss.LED2_MutexControlBlock
                0x20001264       0x50 ./Core/Src/main.o
                0x20001264                LED2_MutexControlBlock
 .bss.button    0x200012b4        0x4 ./Core/Src/main.o
                0x200012b4                button
 .bss.DFSDM1_Init
                0x200012b8        0x4 ./Core/Src/stm32l4xx_hal_msp.o
 .bss.htim6     0x200012bc       0x4c ./Core/Src/stm32l4xx_hal_timebase_tim.o
                0x200012bc                htim6
 .bss.uwTick    0x20001308        0x4 ./Drivers/STM32L4xx_HAL_Driver/stm32l4xx_hal.o
                0x20001308                uwTick
 .bss.v_dfsdm1ChannelCounter
                0x2000130c        0x4 ./Drivers/STM32L4xx_HAL_Driver/stm32l4xx_hal_dfsdm.o
 .bss.a_dfsdm1ChannelHandle
                0x20001310       0x20 ./Drivers/STM32L4xx_HAL_Driver/stm32l4xx_hal_dfsdm.o
 .bss.KernelState
                0x20001330        0x4 ./Middlewares/FreeRTOS/cmsis_os2.o
 .bss.Idle_TCB.3
                0x20001334       0xa8 ./Middlewares/FreeRTOS/cmsis_os2.o
 .bss.Idle_Stack.2
                0x200013dc      0x200 ./Middlewares/FreeRTOS/cmsis_os2.o
 .bss.Timer_TCB.1
                0x200015dc       0xa8 ./Middlewares/FreeRTOS/cmsis_os2.o
 .bss.Timer_Stack.0
                0x20001684      0x400 ./Middlewares/FreeRTOS/cmsis_os2.o
 .bss.ucHeap    0x20001a84      0xbb8 ./Middlewares/FreeRTOS/heap_4.o
 .bss.xStart    0x2000263c        0x8 ./Middlewares/FreeRTOS/heap_4.o
 .bss.pxEnd     0x20002644        0x4 ./Middlewares/FreeRTOS/heap_4.o
 .bss.xFreeBytesRemaining
                0x20002648        0x4 ./Middlewares/FreeRTOS/heap_4.o
 .bss.xMinimumEverFreeBytesRemaining
                0x2000264c        0x4 ./Middlewares/FreeRTOS/heap_4.o
 .bss.xNumberOfSuccessfulAllocations
                0x20002650        0x4 ./Middlewares/FreeRTOS/heap_4.o
 .bss.xNumberOfSuccessfulFrees
                0x20002654        0x4 ./Middlewares/FreeRTOS/heap_4.o
 .bss.xBlockAllocatedBit
                0x20002658        0x4 ./Middlewares/FreeRTOS/heap_4.o
 .bss.ucMaxSysCallPriority
                0x2000265c        0x1 ./Middlewares/FreeRTOS/port.o
 *fill*         0x2000265d        0x3 
 .bss.ulMaxPRIGROUPValue
                0x20002660        0x4 ./Middlewares/FreeRTOS/port.o
 .bss.xQueueRegistry
                0x20002664       0x40 ./Middlewares/FreeRTOS/queue.o
                0x20002664                xQueueRegistry
 .bss.pxCurrentTCB
                0x200026a4        0x4 ./Middlewares/FreeRTOS/tasks.o
                0x200026a4                pxCurrentTCB
 .bss.pxReadyTasksLists
                0x200026a8      0x460 ./Middlewares/FreeRTOS/tasks.o
 .bss.xDelayedTaskList1
                0x20002b08       0x14 ./Middlewares/FreeRTOS/tasks.o
 .bss.xDelayedTaskList2
                0x20002b1c       0x14 ./Middlewares/FreeRTOS/tasks.o
 .bss.pxDelayedTaskList
                0x20002b30        0x4 ./Middlewares/FreeRTOS/tasks.o
 .bss.pxOverflowDelayedTaskList
                0x20002b34        0x4 ./Middlewares/FreeRTOS/tasks.o
 .bss.xPendingReadyList
                0x20002b38       0x14 ./Middlewares/FreeRTOS/tasks.o
 .bss.xTasksWaitingTermination
                0x20002b4c       0x14 ./Middlewares/FreeRTOS/tasks.o
 .bss.uxDeletedTasksWaitingCleanUp
                0x20002b60        0x4 ./Middlewares/FreeRTOS/tasks.o
 .bss.xSuspendedTaskList
                0x20002b64       0x14 ./Middlewares/FreeRTOS/tasks.o
 .bss.uxCurrentNumberOfTasks
                0x20002b78        0x4 ./Middlewares/FreeRTOS/tasks.o
 .bss.xTickCount
                0x20002b7c        0x4 ./Middlewares/FreeRTOS/tasks.o
 .bss.uxTopReadyPriority
                0x20002b80        0x4 ./Middlewares/FreeRTOS/tasks.o
 .bss.xSchedulerRunning
                0x20002b84        0x4 ./Middlewares/FreeRTOS/tasks.o
 .bss.xPendedTicks
                0x20002b88        0x4 ./Middlewares/FreeRTOS/tasks.o
 .bss.xYieldPending
                0x20002b8c        0x4 ./Middlewares/FreeRTOS/tasks.o
 .bss.xNumOfOverflows
                0x20002b90        0x4 ./Middlewares/FreeRTOS/tasks.o
 .bss.uxTaskNumber
                0x20002b94        0x4 ./Middlewares/FreeRTOS/tasks.o
 .bss.xNextTaskUnblockTime
                0x20002b98        0x4 ./Middlewares/FreeRTOS/tasks.o
 .bss.xIdleTaskHandle
                0x20002b9c        0x4 ./Middlewares/FreeRTOS/tasks.o
 .bss.uxSchedulerSuspended
                0x20002ba0        0x4 ./Middlewares/FreeRTOS/tasks.o
 .bss.xActiveTimerList1
                0x20002ba4       0x14 ./Middlewares/FreeRTOS/timers.o
 .bss.xActiveTimerList2
                0x20002bb8       0x14 ./Middlewares/FreeRTOS/timers.o
 .bss.pxCurrentTimerList
                0x20002bcc        0x4 ./Middlewares/FreeRTOS/timers.o
 .bss.pxOverflowTimerList
                0x20002bd0        0x4 ./Middlewares/FreeRTOS/timers.o
 .bss.xTimerQueue
                0x20002bd4        0x4 ./Middlewares/FreeRTOS/timers.o
 .bss.xTimerTaskHandle
                0x20002bd8        0x4 ./Middlewares/FreeRTOS/timers.o
 .bss.xLastTime.2
                0x20002bdc        0x4 ./Middlewares/FreeRTOS/timers.o
 .bss.ucStaticTimerQueueStorage.1
                0x20002be0       0xa0 ./Middlewares/FreeRTOS/timers.o
 .bss.xStaticTimerQueue.0
                0x20002c80       0x50 ./Middlewares/FreeRTOS/timers.o
 .bss.__sf      0x20002cd0      0x138 C:/ST/STM32CubeIDE_1.18.0/STM32CubeIDE/plugins/com.st.stm32cube.ide.mcu.externaltools.gnu-tools-for-stm32.13.3.rel1.win32_1.0.0.202411081344/tools/bin/../lib/gcc/arm-none-eabi/13.3.1/../../../../arm-none-eabi/lib/thumb/v7e-m+fp/hard\libc_nano.a(libc_a-findfp.o)
                0x20002cd0                __sf
 .bss.__lock___malloc_recursive_mutex
                0x20002e08        0x1 C:/ST/STM32CubeIDE_1.18.0/STM32CubeIDE/plugins/com.st.stm32cube.ide.mcu.externaltools.gnu-tools-for-stm32.13.3.rel1.win32_1.0.0.202411081344/tools/bin/../lib/gcc/arm-none-eabi/13.3.1/../../../../arm-none-eabi/lib/thumb/v7e-m+fp/hard\libc_nano.a(libc_a-lock.o)
                0x20002e08                __lock___malloc_recursive_mutex
 *fill*         0x20002e09        0x3 
 .bss.__malloc_free_list
                0x20002e0c        0x4 C:/ST/STM32CubeIDE_1.18.0/STM32CubeIDE/plugins/com.st.stm32cube.ide.mcu.externaltools.gnu-tools-for-stm32.13.3.rel1.win32_1.0.0.202411081344/tools/bin/../lib/gcc/arm-none-eabi/13.3.1/../../../../arm-none-eabi/lib/thumb/v7e-m+fp/hard\libc_nano.a(libc_a-mallocr.o)
                0x20002e0c                __malloc_free_list
 *(COMMON)
                0x20002e10                        . = ALIGN (0x4)
                0x20002e10                        _ebss = .
                0x20002e10                        __bss_end__ = _ebss

._user_heap_stack
                0x20002e10      0x600 load address 0x08008cbc
                0x20002e10                        . = ALIGN (0x8)
                [!provide]                        PROVIDE (end = .)
                0x20002e10                        PROVIDE (_end = .)
                0x20003010                        . = (. + _Min_Heap_Size)
 *fill*         0x20002e10      0x200 
                0x20003410                        . = (. + _Min_Stack_Size)
 *fill*         0x20003010      0x400 
                0x20003410                        . = ALIGN (0x8)

/DISCARD/
 libc.a(*)
 libm.a(*)
 libgcc.a(*)

.ARM.attributes
                0x00000000       0x30
 *(.ARM.attributes)
 .ARM.attributes
                0x00000000       0x22 C:/ST/STM32CubeIDE_1.18.0/STM32CubeIDE/plugins/com.st.stm32cube.ide.mcu.externaltools.gnu-tools-for-stm32.13.3.rel1.win32_1.0.0.202411081344/tools/bin/../lib/gcc/arm-none-eabi/13.3.1/thumb/v7e-m+fp/hard/crti.o
 .ARM.attributes
                0x00000022       0x34 C:/ST/STM32CubeIDE_1.18.0/STM32CubeIDE/plugins/com.st.stm32cube.ide.mcu.externaltools.gnu-tools-for-stm32.13.3.rel1.win32_1.0.0.202411081344/tools/bin/../lib/gcc/arm-none-eabi/13.3.1/thumb/v7e-m+fp/hard/crtbegin.o
 .ARM.attributes
                0x00000056       0x34 ./Core/Src/main.o
 .ARM.attributes
                0x0000008a       0x34 ./Core/Src/stm32l4xx_hal_msp.o
 .ARM.attributes
                0x000000be       0x34 ./Core/Src/stm32l4xx_hal_timebase_tim.o
 .ARM.attributes
                0x000000f2       0x34 ./Core/Src/stm32l4xx_it.o
 .ARM.attributes
                0x00000126       0x34 ./Core/Src/system_stm32l4xx.o
 .ARM.attributes
                0x0000015a       0x21 ./Core/Startup/startup_stm32l475vgtx.o
 .ARM.attributes
                0x0000017b       0x34 ./Drivers/STM32L4xx_HAL_Driver/stm32l4xx_hal.o
 .ARM.attributes
                0x000001af       0x34 ./Drivers/STM32L4xx_HAL_Driver/stm32l4xx_hal_cortex.o
 .ARM.attributes
                0x000001e3       0x34 ./Drivers/STM32L4xx_HAL_Driver/stm32l4xx_hal_dfsdm.o
 .ARM.attributes
                0x00000217       0x34 ./Drivers/STM32L4xx_HAL_Driver/stm32l4xx_hal_gpio.o
 .ARM.attributes
                0x0000024b       0x34 ./Drivers/STM32L4xx_HAL_Driver/stm32l4xx_hal_i2c.o
 .ARM.attributes
                0x0000027f       0x34 ./Drivers/STM32L4xx_HAL_Driver/stm32l4xx_hal_i2c_ex.o
 .ARM.attributes
                0x000002b3       0x34 ./Drivers/STM32L4xx_HAL_Driver/stm32l4xx_hal_pcd.o
 .ARM.attributes
                0x000002e7       0x34 ./Drivers/STM32L4xx_HAL_Driver/stm32l4xx_hal_pcd_ex.o
 .ARM.attributes
                0x0000031b       0x34 ./Drivers/STM32L4xx_HAL_Driver/stm32l4xx_hal_pwr.o
 .ARM.attributes
                0x0000034f       0x34 ./Drivers/STM32L4xx_HAL_Driver/stm32l4xx_hal_pwr_ex.o
 .ARM.attributes
                0x00000383       0x34 ./Drivers/STM32L4xx_HAL_Driver/stm32l4xx_hal_qspi.o
 .ARM.attributes
                0x000003b7       0x34 ./Drivers/STM32L4xx_HAL_Driver/stm32l4xx_hal_rcc.o
 .ARM.attributes
                0x000003eb       0x34 ./Drivers/STM32L4xx_HAL_Driver/stm32l4xx_hal_rcc_ex.o
 .ARM.attributes
                0x0000041f       0x34 ./Drivers/STM32L4xx_HAL_Driver/stm32l4xx_hal_spi.o
 .ARM.attributes
                0x00000453       0x34 ./Drivers/STM32L4xx_HAL_Driver/stm32l4xx_hal_tim.o
 .ARM.attributes
                0x00000487       0x34 ./Drivers/STM32L4xx_HAL_Driver/stm32l4xx_hal_tim_ex.o
 .ARM.attributes
                0x000004bb       0x34 ./Drivers/STM32L4xx_HAL_Driver/stm32l4xx_hal_uart.o
 .ARM.attributes
                0x000004ef       0x34 ./Drivers/STM32L4xx_HAL_Driver/stm32l4xx_ll_usb.o
 .ARM.attributes
                0x00000523       0x34 ./Middlewares/FreeRTOS/cmsis_os2.o
 .ARM.attributes
                0x00000557       0x34 ./Middlewares/FreeRTOS/heap_4.o
 .ARM.attributes
                0x0000058b       0x34 ./Middlewares/FreeRTOS/list.o
 .ARM.attributes
                0x000005bf       0x34 ./Middlewares/FreeRTOS/port.o
 .ARM.attributes
                0x000005f3       0x34 ./Middlewares/FreeRTOS/queue.o
 .ARM.attributes
                0x00000627       0x34 ./Middlewares/FreeRTOS/tasks.o
 .ARM.attributes
                0x0000065b       0x34 ./Middlewares/FreeRTOS/timers.o
 .ARM.attributes
                0x0000068f       0x34 C:/ST/STM32CubeIDE_1.18.0/STM32CubeIDE/plugins/com.st.stm32cube.ide.mcu.externaltools.gnu-tools-for-stm32.13.3.rel1.win32_1.0.0.202411081344/tools/bin/../lib/gcc/arm-none-eabi/13.3.1/../../../../arm-none-eabi/lib/thumb/v7e-m+fp/hard\libc_nano.a(libc_a-findfp.o)
 .ARM.attributes
                0x000006c3       0x34 C:/ST/STM32CubeIDE_1.18.0/STM32CubeIDE/plugins/com.st.stm32cube.ide.mcu.externaltools.gnu-tools-for-stm32.13.3.rel1.win32_1.0.0.202411081344/tools/bin/../lib/gcc/arm-none-eabi/13.3.1/../../../../arm-none-eabi/lib/thumb/v7e-m+fp/hard\libc_nano.a(libc_a-memset.o)
 .ARM.attributes
                0x000006f7       0x34 C:/ST/STM32CubeIDE_1.18.0/STM32CubeIDE/plugins/com.st.stm32cube.ide.mcu.externaltools.gnu-tools-for-stm32.13.3.rel1.win32_1.0.0.202411081344/tools/bin/../lib/gcc/arm-none-eabi/13.3.1/../../../../arm-none-eabi/lib/thumb/v7e-m+fp/hard\libc_nano.a(libc_a-reent.o)
 .ARM.attributes
                0x0000072b       0x34 C:/ST/STM32CubeIDE_1.18.0/STM32CubeIDE/plugins/com.st.stm32cube.ide.mcu.externaltools.gnu-tools-for-stm32.13.3.rel1.win32_1.0.0.202411081344/tools/bin/../lib/gcc/arm-none-eabi/13.3.1/../../../../arm-none-eabi/lib/thumb/v7e-m+fp/hard\libc_nano.a(libc_a-impure.o)
 .ARM.attributes
                0x0000075f       0x34 C:/ST/STM32CubeIDE_1.18.0/STM32CubeIDE/plugins/com.st.stm32cube.ide.mcu.externaltools.gnu-tools-for-stm32.13.3.rel1.win32_1.0.0.202411081344/tools/bin/../lib/gcc/arm-none-eabi/13.3.1/../../../../arm-none-eabi/lib/thumb/v7e-m+fp/hard\libc_nano.a(libc_a-init.o)
 .ARM.attributes
                0x00000793       0x34 C:/ST/STM32CubeIDE_1.18.0/STM32CubeIDE/plugins/com.st.stm32cube.ide.mcu.externaltools.gnu-tools-for-stm32.13.3.rel1.win32_1.0.0.202411081344/tools/bin/../lib/gcc/arm-none-eabi/13.3.1/../../../../arm-none-eabi/lib/thumb/v7e-m+fp/hard\libc_nano.a(libc_a-lock.o)
 .ARM.attributes
                0x000007c7       0x34 C:/ST/STM32CubeIDE_1.18.0/STM32CubeIDE/plugins/com.st.stm32cube.ide.mcu.externaltools.gnu-tools-for-stm32.13.3.rel1.win32_1.0.0.202411081344/tools/bin/../lib/gcc/arm-none-eabi/13.3.1/../../../../arm-none-eabi/lib/thumb/v7e-m+fp/hard\libc_nano.a(libc_a-memcpy-stub.o)
 .ARM.attributes
                0x000007fb       0x34 C:/ST/STM32CubeIDE_1.18.0/STM32CubeIDE/plugins/com.st.stm32cube.ide.mcu.externaltools.gnu-tools-for-stm32.13.3.rel1.win32_1.0.0.202411081344/tools/bin/../lib/gcc/arm-none-eabi/13.3.1/../../../../arm-none-eabi/lib/thumb/v7e-m+fp/hard\libc_nano.a(libc_a-freer.o)
 .ARM.attributes
                0x0000082f       0x34 C:/ST/STM32CubeIDE_1.18.0/STM32CubeIDE/plugins/com.st.stm32cube.ide.mcu.externaltools.gnu-tools-for-stm32.13.3.rel1.win32_1.0.0.202411081344/tools/bin/../lib/gcc/arm-none-eabi/13.3.1/../../../../arm-none-eabi/lib/thumb/v7e-m+fp/hard\libc_nano.a(libc_a-mallocr.o)
 .ARM.attributes
                0x00000863       0x34 C:/ST/STM32CubeIDE_1.18.0/STM32CubeIDE/plugins/com.st.stm32cube.ide.mcu.externaltools.gnu-tools-for-stm32.13.3.rel1.win32_1.0.0.202411081344/tools/bin/../lib/gcc/arm-none-eabi/13.3.1/../../../../arm-none-eabi/lib/thumb/v7e-m+fp/hard\libc_nano.a(libc_a-mlock.o)
 .ARM.attributes
                0x00000897       0x22 C:/ST/STM32CubeIDE_1.18.0/STM32CubeIDE/plugins/com.st.stm32cube.ide.mcu.externaltools.gnu-tools-for-stm32.13.3.rel1.win32_1.0.0.202411081344/tools/bin/../lib/gcc/arm-none-eabi/13.3.1/thumb/v7e-m+fp/hard\libgcc.a(_aeabi_uldivmod.o)
 .ARM.attributes
                0x000008b9       0x34 C:/ST/STM32CubeIDE_1.18.0/STM32CubeIDE/plugins/com.st.stm32cube.ide.mcu.externaltools.gnu-tools-for-stm32.13.3.rel1.win32_1.0.0.202411081344/tools/bin/../lib/gcc/arm-none-eabi/13.3.1/thumb/v7e-m+fp/hard\libgcc.a(_udivmoddi4.o)
 .ARM.attributes
                0x000008ed       0x22 C:/ST/STM32CubeIDE_1.18.0/STM32CubeIDE/plugins/com.st.stm32cube.ide.mcu.externaltools.gnu-tools-for-stm32.13.3.rel1.win32_1.0.0.202411081344/tools/bin/../lib/gcc/arm-none-eabi/13.3.1/thumb/v7e-m+fp/hard\libgcc.a(_dvmd_tls.o)
 .ARM.attributes
                0x0000090f       0x22 C:/ST/STM32CubeIDE_1.18.0/STM32CubeIDE/plugins/com.st.stm32cube.ide.mcu.externaltools.gnu-tools-for-stm32.13.3.rel1.win32_1.0.0.202411081344/tools/bin/../lib/gcc/arm-none-eabi/13.3.1/thumb/v7e-m+fp/hard/crtn.o
OUTPUT(W01-RTOS_LED.elf elf32-littlearm)
LOAD linker stubs
LOAD C:/ST/STM32CubeIDE_1.18.0/STM32CubeIDE/plugins/com.st.stm32cube.ide.mcu.externaltools.gnu-tools-for-stm32.13.3.rel1.win32_1.0.0.202411081344/tools/bin/../lib/gcc/arm-none-eabi/13.3.1/../../../../arm-none-eabi/lib/thumb/v7e-m+fp/hard\libc.a
LOAD C:/ST/STM32CubeIDE_1.18.0/STM32CubeIDE/plugins/com.st.stm32cube.ide.mcu.externaltools.gnu-tools-for-stm32.13.3.rel1.win32_1.0.0.202411081344/tools/bin/../lib/gcc/arm-none-eabi/13.3.1/../../../../arm-none-eabi/lib/thumb/v7e-m+fp/hard\libm.a
LOAD C:/ST/STM32CubeIDE_1.18.0/STM32CubeIDE/plugins/com.st.stm32cube.ide.mcu.externaltools.gnu-tools-for-stm32.13.3.rel1.win32_1.0.0.202411081344/tools/bin/../lib/gcc/arm-none-eabi/13.3.1/thumb/v7e-m+fp/hard\libgcc.a

.debug_info     0x00000000    0x2879c
 .debug_info    0x00000000     0x340a ./Core/Src/main.o
 .debug_info    0x0000340a     0x21ce ./Core/Src/stm32l4xx_hal_msp.o
 .debug_info    0x000055d8      0xc79 ./Core/Src/stm32l4xx_hal_timebase_tim.o
 .debug_info    0x00006251      0x71a ./Core/Src/stm32l4xx_it.o
 .debug_info    0x0000696b      0x5b1 ./Core/Src/system_stm32l4xx.o
 .debug_info    0x00006f1c       0x30 ./Core/Startup/startup_stm32l475vgtx.o
 .debug_info    0x00006f4c      0xae5 ./Drivers/STM32L4xx_HAL_Driver/stm32l4xx_hal.o
 .debug_info    0x00007a31      0xd7b ./Drivers/STM32L4xx_HAL_Driver/stm32l4xx_hal_cortex.o
 .debug_info    0x000087ac     0x1a51 ./Drivers/STM32L4xx_HAL_Driver/stm32l4xx_hal_dfsdm.o
 .debug_info    0x0000a1fd      0x757 ./Drivers/STM32L4xx_HAL_Driver/stm32l4xx_hal_gpio.o
 .debug_info    0x0000a954     0x20d2 ./Drivers/STM32L4xx_HAL_Driver/stm32l4xx_hal_i2c.o
 .debug_info    0x0000ca26      0x975 ./Drivers/STM32L4xx_HAL_Driver/stm32l4xx_hal_i2c_ex.o
 .debug_info    0x0000d39b     0x14d6 ./Drivers/STM32L4xx_HAL_Driver/stm32l4xx_hal_pcd.o
 .debug_info    0x0000e871      0x8a0 ./Drivers/STM32L4xx_HAL_Driver/stm32l4xx_hal_pcd_ex.o
 .debug_info    0x0000f111      0x91e ./Drivers/STM32L4xx_HAL_Driver/stm32l4xx_hal_pwr.o
 .debug_info    0x0000fa2f      0x97a ./Drivers/STM32L4xx_HAL_Driver/stm32l4xx_hal_pwr_ex.o
 .debug_info    0x000103a9     0x115d ./Drivers/STM32L4xx_HAL_Driver/stm32l4xx_hal_qspi.o
 .debug_info    0x00011506      0xc14 ./Drivers/STM32L4xx_HAL_Driver/stm32l4xx_hal_rcc.o
 .debug_info    0x0001211a      0xe11 ./Drivers/STM32L4xx_HAL_Driver/stm32l4xx_hal_rcc_ex.o
 .debug_info    0x00012f2b     0x1549 ./Drivers/STM32L4xx_HAL_Driver/stm32l4xx_hal_spi.o
 .debug_info    0x00014474     0x2a9a ./Drivers/STM32L4xx_HAL_Driver/stm32l4xx_hal_tim.o
 .debug_info    0x00016f0e     0x169e ./Drivers/STM32L4xx_HAL_Driver/stm32l4xx_hal_tim_ex.o
 .debug_info    0x000185ac     0x3b69 ./Drivers/STM32L4xx_HAL_Driver/stm32l4xx_hal_uart.o
 .debug_info    0x0001c115     0x1994 ./Drivers/STM32L4xx_HAL_Driver/stm32l4xx_ll_usb.o
 .debug_info    0x0001daa9     0x4107 ./Middlewares/FreeRTOS/cmsis_os2.o
 .debug_info    0x00021bb0      0x4d5 ./Middlewares/FreeRTOS/heap_4.o
 .debug_info    0x00022085      0x2af ./Middlewares/FreeRTOS/list.o
 .debug_info    0x00022334      0x4de ./Middlewares/FreeRTOS/port.o
 .debug_info    0x00022812     0x1b79 ./Middlewares/FreeRTOS/queue.o
 .debug_info    0x0002438b     0x28c1 ./Middlewares/FreeRTOS/tasks.o
 .debug_info    0x00026c4c     0x1b50 ./Middlewares/FreeRTOS/timers.o

.debug_abbrev   0x00000000     0x4bb6
 .debug_abbrev  0x00000000      0x351 ./Core/Src/main.o
 .debug_abbrev  0x00000351      0x27c ./Core/Src/stm32l4xx_hal_msp.o
 .debug_abbrev  0x000005cd      0x1f4 ./Core/Src/stm32l4xx_hal_timebase_tim.o
 .debug_abbrev  0x000007c1      0x180 ./Core/Src/stm32l4xx_it.o
 .debug_abbrev  0x00000941      0x11a ./Core/Src/system_stm32l4xx.o
 .debug_abbrev  0x00000a5b       0x24 ./Core/Startup/startup_stm32l475vgtx.o
 .debug_abbrev  0x00000a7f      0x242 ./Drivers/STM32L4xx_HAL_Driver/stm32l4xx_hal.o
 .debug_abbrev  0x00000cc1      0x31c ./Drivers/STM32L4xx_HAL_Driver/stm32l4xx_hal_cortex.o
 .debug_abbrev  0x00000fdd      0x27e ./Drivers/STM32L4xx_HAL_Driver/stm32l4xx_hal_dfsdm.o
 .debug_abbrev  0x0000125b      0x1cb ./Drivers/STM32L4xx_HAL_Driver/stm32l4xx_hal_gpio.o
 .debug_abbrev  0x00001426      0x261 ./Drivers/STM32L4xx_HAL_Driver/stm32l4xx_hal_i2c.o
 .debug_abbrev  0x00001687      0x1c3 ./Drivers/STM32L4xx_HAL_Driver/stm32l4xx_hal_i2c_ex.o
 .debug_abbrev  0x0000184a      0x2da ./Drivers/STM32L4xx_HAL_Driver/stm32l4xx_hal_pcd.o
 .debug_abbrev  0x00001b24      0x256 ./Drivers/STM32L4xx_HAL_Driver/stm32l4xx_hal_pcd_ex.o
 .debug_abbrev  0x00001d7a      0x1d4 ./Drivers/STM32L4xx_HAL_Driver/stm32l4xx_hal_pwr.o
 .debug_abbrev  0x00001f4e      0x1f9 ./Drivers/STM32L4xx_HAL_Driver/stm32l4xx_hal_pwr_ex.o
 .debug_abbrev  0x00002147      0x250 ./Drivers/STM32L4xx_HAL_Driver/stm32l4xx_hal_qspi.o
 .debug_abbrev  0x00002397      0x2cb ./Drivers/STM32L4xx_HAL_Driver/stm32l4xx_hal_rcc.o
 .debug_abbrev  0x00002662      0x2a6 ./Drivers/STM32L4xx_HAL_Driver/stm32l4xx_hal_rcc_ex.o
 .debug_abbrev  0x00002908      0x260 ./Drivers/STM32L4xx_HAL_Driver/stm32l4xx_hal_spi.o
 .debug_abbrev  0x00002b68      0x278 ./Drivers/STM32L4xx_HAL_Driver/stm32l4xx_hal_tim.o
 .debug_abbrev  0x00002de0      0x283 ./Drivers/STM32L4xx_HAL_Driver/stm32l4xx_hal_tim_ex.o
 .debug_abbrev  0x00003063      0x2d0 ./Drivers/STM32L4xx_HAL_Driver/stm32l4xx_hal_uart.o
 .debug_abbrev  0x00003333      0x2b1 ./Drivers/STM32L4xx_HAL_Driver/stm32l4xx_ll_usb.o
 .debug_abbrev  0x000035e4      0x548 ./Middlewares/FreeRTOS/cmsis_os2.o
 .debug_abbrev  0x00003b2c      0x21d ./Middlewares/FreeRTOS/heap_4.o
 .debug_abbrev  0x00003d49       0xf5 ./Middlewares/FreeRTOS/list.o
 .debug_abbrev  0x00003e3e      0x25c ./Middlewares/FreeRTOS/port.o
 .debug_abbrev  0x0000409a      0x3b6 ./Middlewares/FreeRTOS/queue.o
 .debug_abbrev  0x00004450      0x3fe ./Middlewares/FreeRTOS/tasks.o
 .debug_abbrev  0x0000484e      0x368 ./Middlewares/FreeRTOS/timers.o

.debug_aranges  0x00000000     0x2330
 .debug_aranges
                0x00000000       0xa8 ./Core/Src/main.o
 .debug_aranges
                0x000000a8       0x80 ./Core/Src/stm32l4xx_hal_msp.o
 .debug_aranges
                0x00000128       0x30 ./Core/Src/stm32l4xx_hal_timebase_tim.o
 .debug_aranges
                0x00000158       0x60 ./Core/Src/stm32l4xx_it.o
 .debug_aranges
                0x000001b8       0x28 ./Core/Src/system_stm32l4xx.o
 .debug_aranges
                0x000001e0       0x28 ./Core/Startup/startup_stm32l475vgtx.o
 .debug_aranges
                0x00000208      0x130 ./Drivers/STM32L4xx_HAL_Driver/stm32l4xx_hal.o
 .debug_aranges
                0x00000338      0x128 ./Drivers/STM32L4xx_HAL_Driver/stm32l4xx_hal_cortex.o
 .debug_aranges
                0x00000460      0x248 ./Drivers/STM32L4xx_HAL_Driver/stm32l4xx_hal_dfsdm.o
 .debug_aranges
                0x000006a8       0x58 ./Drivers/STM32L4xx_HAL_Driver/stm32l4xx_hal_gpio.o
 .debug_aranges
                0x00000700      0x2a0 ./Drivers/STM32L4xx_HAL_Driver/stm32l4xx_hal_i2c.o
 .debug_aranges
                0x000009a0       0x48 ./Drivers/STM32L4xx_HAL_Driver/stm32l4xx_hal_i2c_ex.o
 .debug_aranges
                0x000009e8      0x138 ./Drivers/STM32L4xx_HAL_Driver/stm32l4xx_hal_pcd.o
 .debug_aranges
                0x00000b20       0x60 ./Drivers/STM32L4xx_HAL_Driver/stm32l4xx_hal_pcd_ex.o
 .debug_aranges
                0x00000b80       0x98 ./Drivers/STM32L4xx_HAL_Driver/stm32l4xx_hal_pwr.o
 .debug_aranges
                0x00000c18      0x150 ./Drivers/STM32L4xx_HAL_Driver/stm32l4xx_hal_pwr_ex.o
 .debug_aranges
                0x00000d68      0x160 ./Drivers/STM32L4xx_HAL_Driver/stm32l4xx_hal_qspi.o
 .debug_aranges
                0x00000ec8       0x90 ./Drivers/STM32L4xx_HAL_Driver/stm32l4xx_hal_rcc.o
 .debug_aranges
                0x00000f58       0xc0 ./Drivers/STM32L4xx_HAL_Driver/stm32l4xx_hal_rcc_ex.o
 .debug_aranges
                0x00001018      0x1d8 ./Drivers/STM32L4xx_HAL_Driver/stm32l4xx_hal_spi.o
 .debug_aranges
                0x000011f0      0x3e0 ./Drivers/STM32L4xx_HAL_Driver/stm32l4xx_hal_tim.o
 .debug_aranges
                0x000015d0      0x180 ./Drivers/STM32L4xx_HAL_Driver/stm32l4xx_hal_tim_ex.o
 .debug_aranges
                0x00001750      0x228 ./Drivers/STM32L4xx_HAL_Driver/stm32l4xx_hal_uart.o
 .debug_aranges
                0x00001978      0x1a0 ./Drivers/STM32L4xx_HAL_Driver/stm32l4xx_ll_usb.o
 .debug_aranges
                0x00001b18      0x2b0 ./Middlewares/FreeRTOS/cmsis_os2.o
 .debug_aranges
                0x00001dc8       0x58 ./Middlewares/FreeRTOS/heap_4.o
 .debug_aranges
                0x00001e20       0x40 ./Middlewares/FreeRTOS/list.o
 .debug_aranges
                0x00001e60       0x80 ./Middlewares/FreeRTOS/port.o
 .debug_aranges
                0x00001ee0      0x158 ./Middlewares/FreeRTOS/queue.o
 .debug_aranges
                0x00002038      0x208 ./Middlewares/FreeRTOS/tasks.o
 .debug_aranges
                0x00002240       0xf0 ./Middlewares/FreeRTOS/timers.o

.debug_rnglists
                0x00000000     0x1b78
 .debug_rnglists
                0x00000000       0x7c ./Core/Src/main.o
 .debug_rnglists
                0x0000007c       0x61 ./Core/Src/stm32l4xx_hal_msp.o
 .debug_rnglists
                0x000000dd       0x20 ./Core/Src/stm32l4xx_hal_timebase_tim.o
 .debug_rnglists
                0x000000fd       0x43 ./Core/Src/stm32l4xx_it.o
 .debug_rnglists
                0x00000140       0x1a ./Core/Src/system_stm32l4xx.o
 .debug_rnglists
                0x0000015a       0x19 ./Core/Startup/startup_stm32l475vgtx.o
 .debug_rnglists
                0x00000173       0xdf ./Drivers/STM32L4xx_HAL_Driver/stm32l4xx_hal.o
 .debug_rnglists
                0x00000252       0xda ./Drivers/STM32L4xx_HAL_Driver/stm32l4xx_hal_cortex.o
 .debug_rnglists
                0x0000032c      0x1c7 ./Drivers/STM32L4xx_HAL_Driver/stm32l4xx_hal_dfsdm.o
 .debug_rnglists
                0x000004f3       0x3f ./Drivers/STM32L4xx_HAL_Driver/stm32l4xx_hal_gpio.o
 .debug_rnglists
                0x00000532      0x228 ./Drivers/STM32L4xx_HAL_Driver/stm32l4xx_hal_i2c.o
 .debug_rnglists
                0x0000075a       0x35 ./Drivers/STM32L4xx_HAL_Driver/stm32l4xx_hal_i2c_ex.o
 .debug_rnglists
                0x0000078f       0xed ./Drivers/STM32L4xx_HAL_Driver/stm32l4xx_hal_pcd.o
 .debug_rnglists
                0x0000087c       0x45 ./Drivers/STM32L4xx_HAL_Driver/stm32l4xx_hal_pcd_ex.o
 .debug_rnglists
                0x000008c1       0x6e ./Drivers/STM32L4xx_HAL_Driver/stm32l4xx_hal_pwr.o
 .debug_rnglists
                0x0000092f       0xfd ./Drivers/STM32L4xx_HAL_Driver/stm32l4xx_hal_pwr_ex.o
 .debug_rnglists
                0x00000a2c      0x113 ./Drivers/STM32L4xx_HAL_Driver/stm32l4xx_hal_qspi.o
 .debug_rnglists
                0x00000b3f       0x6d ./Drivers/STM32L4xx_HAL_Driver/stm32l4xx_hal_rcc.o
 .debug_rnglists
                0x00000bac       0x95 ./Drivers/STM32L4xx_HAL_Driver/stm32l4xx_hal_rcc_ex.o
 .debug_rnglists
                0x00000c41      0x178 ./Drivers/STM32L4xx_HAL_Driver/stm32l4xx_hal_spi.o
 .debug_rnglists
                0x00000db9      0x328 ./Drivers/STM32L4xx_HAL_Driver/stm32l4xx_hal_tim.o
 .debug_rnglists
                0x000010e1      0x139 ./Drivers/STM32L4xx_HAL_Driver/stm32l4xx_hal_tim_ex.o
 .debug_rnglists
                0x0000121a      0x1db ./Drivers/STM32L4xx_HAL_Driver/stm32l4xx_hal_uart.o
 .debug_rnglists
                0x000013f5      0x146 ./Drivers/STM32L4xx_HAL_Driver/stm32l4xx_ll_usb.o
 .debug_rnglists
                0x0000153b      0x212 ./Middlewares/FreeRTOS/cmsis_os2.o
 .debug_rnglists
                0x0000174d       0x42 ./Middlewares/FreeRTOS/heap_4.o
 .debug_rnglists
                0x0000178f       0x2b ./Middlewares/FreeRTOS/list.o
 .debug_rnglists
                0x000017ba       0x5d ./Middlewares/FreeRTOS/port.o
 .debug_rnglists
                0x00001817      0x109 ./Middlewares/FreeRTOS/queue.o
 .debug_rnglists
                0x00001920      0x1a0 ./Middlewares/FreeRTOS/tasks.o
 .debug_rnglists
                0x00001ac0       0xb8 ./Middlewares/FreeRTOS/timers.o

.debug_macro    0x00000000     0x4d9e
 .debug_macro   0x00000000      0x375 ./Core/Src/main.o
 .debug_macro   0x00000375       0x5c ./Core/Src/main.o
 .debug_macro   0x000003d1      0x16f ./Core/Src/main.o
 .debug_macro   0x00000540       0x66 ./Core/Src/main.o
 .debug_macro   0x000005a6       0x74 ./Core/Src/main.o
 .debug_macro   0x0000061a       0xdd ./Core/Src/main.o
 .debug_macro   0x000006f7      0x235 ./Core/Src/stm32l4xx_hal_msp.o
 .debug_macro   0x0000092c      0x226 ./Core/Src/stm32l4xx_hal_timebase_tim.o
 .debug_macro   0x00000b52      0x23f ./Core/Src/stm32l4xx_it.o
 .debug_macro   0x00000d91      0x226 ./Core/Src/system_stm32l4xx.o
 .debug_macro   0x00000fb7      0x274 ./Drivers/STM32L4xx_HAL_Driver/stm32l4xx_hal.o
 .debug_macro   0x0000122b      0x226 ./Drivers/STM32L4xx_HAL_Driver/stm32l4xx_hal_cortex.o
 .debug_macro   0x00001451      0x24a ./Drivers/STM32L4xx_HAL_Driver/stm32l4xx_hal_dfsdm.o
 .debug_macro   0x0000169b      0x22d ./Drivers/STM32L4xx_HAL_Driver/stm32l4xx_hal_gpio.o
 .debug_macro   0x000018c8      0x2f2 ./Drivers/STM32L4xx_HAL_Driver/stm32l4xx_hal_i2c.o
 .debug_macro   0x00001bba      0x226 ./Drivers/STM32L4xx_HAL_Driver/stm32l4xx_hal_i2c_ex.o
 .debug_macro   0x00001de0      0x232 ./Drivers/STM32L4xx_HAL_Driver/stm32l4xx_hal_pcd.o
 .debug_macro   0x00002012      0x226 ./Drivers/STM32L4xx_HAL_Driver/stm32l4xx_hal_pcd_ex.o
 .debug_macro   0x00002238      0x23e ./Drivers/STM32L4xx_HAL_Driver/stm32l4xx_hal_pwr.o
 .debug_macro   0x00002476      0x24a ./Drivers/STM32L4xx_HAL_Driver/stm32l4xx_hal_pwr_ex.o
 .debug_macro   0x000026c0      0x24a ./Drivers/STM32L4xx_HAL_Driver/stm32l4xx_hal_qspi.o
 .debug_macro   0x0000290a      0x268 ./Drivers/STM32L4xx_HAL_Driver/stm32l4xx_hal_rcc.o
 .debug_macro   0x00002b72      0x25c ./Drivers/STM32L4xx_HAL_Driver/stm32l4xx_hal_rcc_ex.o
 .debug_macro   0x00002dce      0x22e ./Drivers/STM32L4xx_HAL_Driver/stm32l4xx_hal_spi.o
 .debug_macro   0x00002ffc      0x227 ./Drivers/STM32L4xx_HAL_Driver/stm32l4xx_hal_tim.o
 .debug_macro   0x00003223      0x226 ./Drivers/STM32L4xx_HAL_Driver/stm32l4xx_hal_tim_ex.o
 .debug_macro   0x00003449      0x251 ./Drivers/STM32L4xx_HAL_Driver/stm32l4xx_hal_uart.o
 .debug_macro   0x0000369a      0x226 ./Drivers/STM32L4xx_HAL_Driver/stm32l4xx_ll_usb.o
 .debug_macro   0x000038c0      0x42f ./Middlewares/FreeRTOS/cmsis_os2.o
 .debug_macro   0x00003cef       0x10 ./Middlewares/FreeRTOS/cmsis_os2.o
 .debug_macro   0x00003cff       0x20 ./Middlewares/FreeRTOS/cmsis_os2.o
 .debug_macro   0x00003d1f       0x10 ./Middlewares/FreeRTOS/cmsis_os2.o
 .debug_macro   0x00003d2f       0xf5 ./Middlewares/FreeRTOS/cmsis_os2.o
 .debug_macro   0x00003e24       0x16 ./Middlewares/FreeRTOS/cmsis_os2.o
 .debug_macro   0x00003e3a       0x91 ./Middlewares/FreeRTOS/cmsis_os2.o
 .debug_macro   0x00003ecb       0x8d ./Middlewares/FreeRTOS/cmsis_os2.o
 .debug_macro   0x00003f58       0x9a ./Middlewares/FreeRTOS/cmsis_os2.o
 .debug_macro   0x00003ff2       0x22 ./Middlewares/FreeRTOS/cmsis_os2.o
 .debug_macro   0x00004014      0x1c0 ./Middlewares/FreeRTOS/heap_4.o
 .debug_macro   0x000041d4      0x199 ./Middlewares/FreeRTOS/list.o
 .debug_macro   0x0000436d      0x246 ./Middlewares/FreeRTOS/port.o
 .debug_macro   0x000045b3      0x228 ./Middlewares/FreeRTOS/queue.o
 .debug_macro   0x000047db       0x16 ./Middlewares/FreeRTOS/queue.o
 .debug_macro   0x000047f1       0x87 ./Middlewares/FreeRTOS/queue.o
 .debug_macro   0x00004878      0x291 ./Middlewares/FreeRTOS/tasks.o
 .debug_macro   0x00004b09       0x10 ./Middlewares/FreeRTOS/tasks.o
 .debug_macro   0x00004b19      0x1ee ./Middlewares/FreeRTOS/timers.o
 .debug_macro   0x00004d07       0x97 ./Middlewares/FreeRTOS/timers.o

.debug_line     0x00000000    0x29625
 .debug_line    0x00000000     0x1115 ./Core/Src/main.o
 .debug_line    0x00001115      0xbbb ./Core/Src/stm32l4xx_hal_msp.o
 .debug_line    0x00001cd0      0x980 ./Core/Src/stm32l4xx_hal_timebase_tim.o
 .debug_line    0x00002650      0x9c5 ./Core/Src/stm32l4xx_it.o
 .debug_line    0x00003015      0x9a3 ./Core/Src/system_stm32l4xx.o
 .debug_line    0x000039b8       0x7a ./Core/Startup/startup_stm32l475vgtx.o
 .debug_line    0x00003a32      0xd44 ./Drivers/STM32L4xx_HAL_Driver/stm32l4xx_hal.o
 .debug_line    0x00004776      0xedf ./Drivers/STM32L4xx_HAL_Driver/stm32l4xx_hal_cortex.o
 .debug_line    0x00005655     0x206d ./Drivers/STM32L4xx_HAL_Driver/stm32l4xx_hal_dfsdm.o
 .debug_line    0x000076c2      0xd98 ./Drivers/STM32L4xx_HAL_Driver/stm32l4xx_hal_gpio.o
 .debug_line    0x0000845a     0x3945 ./Drivers/STM32L4xx_HAL_Driver/stm32l4xx_hal_i2c.o
 .debug_line    0x0000bd9f      0xaa4 ./Drivers/STM32L4xx_HAL_Driver/stm32l4xx_hal_i2c_ex.o
 .debug_line    0x0000c843     0x151a ./Drivers/STM32L4xx_HAL_Driver/stm32l4xx_hal_pcd.o
 .debug_line    0x0000dd5d      0xb44 ./Drivers/STM32L4xx_HAL_Driver/stm32l4xx_hal_pcd_ex.o
 .debug_line    0x0000e8a1      0xb0f ./Drivers/STM32L4xx_HAL_Driver/stm32l4xx_hal_pwr.o
 .debug_line    0x0000f3b0      0xef6 ./Drivers/STM32L4xx_HAL_Driver/stm32l4xx_hal_pwr_ex.o
 .debug_line    0x000102a6     0x1638 ./Drivers/STM32L4xx_HAL_Driver/stm32l4xx_hal_qspi.o
 .debug_line    0x000118de     0x1299 ./Drivers/STM32L4xx_HAL_Driver/stm32l4xx_hal_rcc.o
 .debug_line    0x00012b77     0x1766 ./Drivers/STM32L4xx_HAL_Driver/stm32l4xx_hal_rcc_ex.o
 .debug_line    0x000142dd     0x2224 ./Drivers/STM32L4xx_HAL_Driver/stm32l4xx_hal_spi.o
 .debug_line    0x00016501     0x4030 ./Drivers/STM32L4xx_HAL_Driver/stm32l4xx_hal_tim.o
 .debug_line    0x0001a531     0x1d81 ./Drivers/STM32L4xx_HAL_Driver/stm32l4xx_hal_tim_ex.o
 .debug_line    0x0001c2b2     0x2f67 ./Drivers/STM32L4xx_HAL_Driver/stm32l4xx_hal_uart.o
 .debug_line    0x0001f219     0x1c97 ./Drivers/STM32L4xx_HAL_Driver/stm32l4xx_ll_usb.o
 .debug_line    0x00020eb0     0x278e ./Middlewares/FreeRTOS/cmsis_os2.o
 .debug_line    0x0002363e      0xa59 ./Middlewares/FreeRTOS/heap_4.o
 .debug_line    0x00024097      0x842 ./Middlewares/FreeRTOS/list.o
 .debug_line    0x000248d9      0x9bd ./Middlewares/FreeRTOS/port.o
 .debug_line    0x00025296     0x17b3 ./Middlewares/FreeRTOS/queue.o
 .debug_line    0x00026a49     0x1d5a ./Middlewares/FreeRTOS/tasks.o
 .debug_line    0x000287a3      0xe82 ./Middlewares/FreeRTOS/timers.o

.debug_str      0x00000000   0x108d78
 .debug_str     0x00000000   0x108d78 ./Core/Src/main.o
                              0xfc44d (size before relaxing)
 .debug_str     0x00108d78    0xf3a56 ./Core/Src/stm32l4xx_hal_msp.o
 .debug_str     0x00108d78    0xf18bd ./Core/Src/stm32l4xx_hal_timebase_tim.o
 .debug_str     0x00108d78    0xf2563 ./Core/Src/stm32l4xx_it.o
 .debug_str     0x00108d78    0xf0e16 ./Core/Src/system_stm32l4xx.o
 .debug_str     0x00108d78       0x79 ./Core/Startup/startup_stm32l475vgtx.o
 .debug_str     0x00108d78    0xf19d9 ./Drivers/STM32L4xx_HAL_Driver/stm32l4xx_hal.o
 .debug_str     0x00108d78    0xf16bf ./Drivers/STM32L4xx_HAL_Driver/stm32l4xx_hal_cortex.o
 .debug_str     0x00108d78    0xf1d5b ./Drivers/STM32L4xx_HAL_Driver/stm32l4xx_hal_dfsdm.o
 .debug_str     0x00108d78    0xf0fc8 ./Drivers/STM32L4xx_HAL_Driver/stm32l4xx_hal_gpio.o
 .debug_str     0x00108d78    0xf2050 ./Drivers/STM32L4xx_HAL_Driver/stm32l4xx_hal_i2c.o
 .debug_str     0x00108d78    0xf135c ./Drivers/STM32L4xx_HAL_Driver/stm32l4xx_hal_i2c_ex.o
 .debug_str     0x00108d78    0xf18d0 ./Drivers/STM32L4xx_HAL_Driver/stm32l4xx_hal_pcd.o
 .debug_str     0x00108d78    0xf129e ./Drivers/STM32L4xx_HAL_Driver/stm32l4xx_hal_pcd_ex.o
 .debug_str     0x00108d78    0xf11ba ./Drivers/STM32L4xx_HAL_Driver/stm32l4xx_hal_pwr.o
 .debug_str     0x00108d78    0xf136f ./Drivers/STM32L4xx_HAL_Driver/stm32l4xx_hal_pwr_ex.o
 .debug_str     0x00108d78    0xf178a ./Drivers/STM32L4xx_HAL_Driver/stm32l4xx_hal_qspi.o
 .debug_str     0x00108d78    0xf1495 ./Drivers/STM32L4xx_HAL_Driver/stm32l4xx_hal_rcc.o
 .debug_str     0x00108d78    0xf160e ./Drivers/STM32L4xx_HAL_Driver/stm32l4xx_hal_rcc_ex.o
 .debug_str     0x00108d78    0xf166a ./Drivers/STM32L4xx_HAL_Driver/stm32l4xx_hal_spi.o
 .debug_str     0x00108d78    0xf218f ./Drivers/STM32L4xx_HAL_Driver/stm32l4xx_hal_tim.o