../Core/Src/main.c:114:5:__io_putchar	16	static
../Core/Src/main.c:119:6:arm_fir_init_f32	24	static
../Core/Src/main.c:140:6:arm_fir_f32	128	static
../Core/Src/main.c:496:5:main	48	static
../Core/Src/main.c:599:6:SystemClock_Config	96	static
../Core/Src/main.c:650:13:MX_I2C1_Init	8	static
../Core/Src/main.c:698:13:MX_SPI1_Init	8	static
../Core/Src/main.c:738:13:MX_USART1_UART_Init	8	static
../Core/Src/main.c:773:13:MX_GPIO_Init	48	static
../Core/Src/main.c:1009:6:Error_Handler	4	static,ignoring_inline_asm
