../Core/Src/main.c:117:5:__io_putchar	16	static
../Core/Src/main.c:122:6:arm_fir_init_f32	24	static
../Core/Src/main.c:143:6:arm_fir_f32	128	static
../Core/Src/main.c:499:5:main	56	static
../Core/Src/main.c:609:6:SystemClock_Config	96	static
../Core/Src/main.c:660:13:MX_I2C1_Init	8	static
../Core/Src/main.c:708:13:MX_SPI1_Init	8	static
../Core/Src/main.c:748:13:MX_USART1_UART_Init	8	static
../Core/Src/main.c:783:13:MX_GPIO_Init	48	static
../Core/Src/main.c:1019:6:Error_Handler	4	static,ignoring_inline_asm
