03:34:48 **** Incremental Build of configuration Debug for project W01-RTOS ****
make -j20 all 
arm-none-eabi-gcc "../Core/Src/main.c" -mcpu=cortex-m4 -std=gnu11 -g3 -DDEBUG -DUSE_HAL_DRIVER -DSTM32L475xx -c -I../Core/Inc -I../Drivers/STM32L4xx_HAL_Driver/Inc -I../Drivers/STM32L4xx_HAL_Driver/Inc/Legacy -I../Middlewares/Third_Party/FreeRTOS/Source/include -I../Middlewares/Third_Party/FreeRTOS/Source/CMSIS_RTOS_V2 -I../Middlewares/Third_Party/FreeRTOS/Source/portable/GCC/ARM_CM4F -I../Drivers/CMSIS/Device/ST/STM32L4xx/Include -I../Drivers/CMSIS/Include -O0 -ffunction-sections -fdata-sections -Wall -fstack-usage -fcyclomatic-complexity -MMD -MP -MF"Core/Src/main.d" -MT"Core/Src/main.o" --specs=nano.specs -mfpu=fpv4-sp-d16 -mfloat-abi=hard -mthumb -o "Core/Src/main.o"
arm-none-eabi-gcc -o "W01-RTOS.elf" @"objects.list"   -mcpu=cortex-m4 -T"D:\113-2\embedded_system\projects\W01-RTOS\STM32L475VGTX_FLASH.ld" --specs=nosys.specs -Wl,-Map="W01-RTOS.map" -Wl,--gc-sections -static --specs=nano.specs -mfpu=fpv4-sp-d16 -mfloat-abi=hard -mthumb -Wl,--start-group -lc -lm -Wl,--end-group
Finished building target: W01-RTOS.elf
 
arm-none-eabi-size  W01-RTOS.elf 
arm-none-eabi-objdump -h -S W01-RTOS.elf  > "W01-RTOS.list"
   text	   data	    bss	    dec	    hex	filename
  33192	     96	  11176	  44464	   adb0	W01-RTOS.elf
Finished building: default.size.stdout
 
Finished building: W01-RTOS.list
 

03:34:49 Build Finished. 0 errors, 0 warnings. (took 1s.589ms)

